Microchip MPLAB XC8 Compiler V2.32

Linker command line:

-W-3 --edf=C:\Program Files\Microchip\xc8\v2.32\pic\dat\en_msgs.txt \
  -pivt0x8=08h -cn \
  -h+dist/default/production\PIC18_CanRxTest.X.production.sym \
  --cmf=dist/default/production\PIC18_CanRxTest.X.production.cmf -z \
  -Q18F26K83 -oC:\Users\leoja\AppData\Local\Temp\xcAsg0c.4 \
  --defsym=__MPLAB_BUILD=1 \
  -Mdist/default/production/PIC18_CanRxTest.X.production.map -E1 \
  -ver=XC8 Compiler --acfsm=1493 -ASTACK=060h-0FFFh -pstack=STACK \
  -ACODE=0900h-07FFFh -ACONST=0900h-07FFFh -ASMALLCONST=01000h-010FFhx112 \
  -AMEDIUMCONST=01000h-07FFFh -ACOMRAM=01h-05Fh -AABS1=00h-0FFFh \
  -ABIGRAM=01h-0FFFh -ARAM=060h-0FFh,0100h-01FFhx15 -ABANK0=060h-0FFh \
  -ABANK1=0100h-01FFh -ABANK2=0200h-02FFh -ABANK3=0300h-03FFh \
  -ABANK4=0400h-04FFh -ABANK5=0500h-05FFh -ABANK6=0600h-06FFh \
  -ABANK7=0700h-07FFh -ABANK8=0800h-08FFh -ABANK9=0900h-09FFh \
  -ABANK10=0A00h-0AFFh -ABANK11=0B00h-0BFFh -ABANK12=0C00h-0CFFh \
  -ABANK13=0D00h-0DFFh -ABANK14=0E00h-0EFFh -ABANK15=0F00h-0FFFh \
  -ASFR=03700h-037FFhx8,03F00h-03F5Fh,03F60h-03FFFh \
  -ACONFIG=0300000h-0300009h -AIDLOC=0200000h-020000Fh \
  -AEEDATA=0310000h-03103FFh -peeprom_data=EEDATA -preset_vec=00h \
  -ppowerup=CODE,init -pramtop=01000h -psmallconst=SMALLCONST \
  -pmediumconst=MEDIUMCONST -pconst=CONST -AFARRAM=00h-00h \
  -prdata=COMRAM,nvrram=COMRAM,nvbit=COMRAM,rbss=COMRAM,rbit=COMRAM \
  -pfarbss=FARRAM,fardata=FARRAM,nvFARRAM=FARRAM \
  -pintsave_regs=BIGRAM,bigbss=BIGRAM,bigdata=BIGRAM -pbss=RAM \
  -pidata=CODE,irdata=CODE,ibigdata=CODE,ifardata=CODE -prparam=COMRAM \
  C:\Users\leoja\AppData\Local\Temp\xcAsg0c.o \
  dist/default/production\PIC18_CanRxTest.X.production.o 

Object code version is 3.11

Machine type is 18F26K83



                Name                               Link     Load   Length Selector   Space Scale
C:\Users\leoja\AppData\Local\Temp\xcAsg0c.o
                idloc                            200000   200000       10        0       5
                config                           300000   300000        A        0       4
                init                               7FFC     7FFC        4     3FFE       0
                reset_vec                             0        0        4        0       0
dist/default/production\PIC18_CanRxTest.X.production.o
                idloc                            200000   200000       10        0       5
                config                           300000   300000        A        0       4
                ivt0x8                                8        8       12        4       0
                text19                             7800     7800        2     3C00       0
                text18                             7896     7896       20     3C4B       0
                text17                             78B6     78B6       24     3C5B       0
                text16                             7C0A     7C0A      13A     3E05       0
                text15                             79F6     79F6       78     3CFB       0
                text14                             7D44     7D44      2B8     3EA2       0
                text13                             7806     7806        A     3C03       0
                text12                             7B2C     7B2C       DE     3D96       0
                text11                             7802     7802        4     3C01       0
                text10                             782E     782E       18     3C17       0
                text9                              792A     792A       64     3C95       0
                text8                              78DA     78DA       24     3C6D       0
                text7                              7810     7810        A     3C08       0
                text6                              781A     781A        A     3C0D       0
                text5                              7824     7824        A     3C12       0
                text4                              798E     798E       68     3CC7       0
                text3                              7846     7846       1A     3C23       0
                text2                              7860     7860       1A     3C30       0
                text1                              78FE     78FE       2C     3C7F       0
                text0                              7A6E     7A6E       BE     3D37       0
                cstackCOMRAM                          1        1       29        1       1
                bssCOMRAM                            30       30        3        1       1
                cinit                              787A     787A       1C     3C3D       0
                nvCOMRAM                             2A       2A        6        1       1

TOTAL           Name                               Link     Load   Length     Space
        CLASS   STACK          

        CLASS   CODE           
                init                               7FFC     7FFC        4         0
                reset_vec                             0        0        4         0
                ivt0x8                                8        8       12         0
                text19                             7800     7800        2         0
                text18                             7896     7896       20         0
                text17                             78B6     78B6       24         0
                text16                             7C0A     7C0A      13A         0
                text15                             79F6     79F6       78         0
                text14                             7D44     7D44      2B8         0
                text13                             7806     7806        A         0
                text12                             7B2C     7B2C       DE         0
                text11                             7802     7802        4         0
                text10                             782E     782E       18         0
                text9                              792A     792A       64         0
                text8                              78DA     78DA       24         0
                text7                              7810     7810        A         0
                text6                              781A     781A        A         0
                text5                              7824     7824        A         0
                text4                              798E     798E       68         0
                text3                              7846     7846       1A         0
                text2                              7860     7860       1A         0
                text1                              78FE     78FE       2C         0
                text0                              7A6E     7A6E       BE         0
                cinit                              787A     787A       1C         0

        CLASS   CONST          

        CLASS   SMALLCONST     

        CLASS   MEDIUMCONST    

        CLASS   COMRAM         
                cstackCOMRAM                          1        1       29         1
                bssCOMRAM                            30       30        3         1
                nvCOMRAM                             2A       2A        6         1

        CLASS   ABS1           

        CLASS   BIGRAM         

        CLASS   RAM            

        CLASS   BANK0          

        CLASS   BANK1          

        CLASS   BANK2          

        CLASS   BANK3          

        CLASS   BANK4          

        CLASS   BANK5          

        CLASS   BANK6          

        CLASS   BANK7          

        CLASS   BANK8          

        CLASS   BANK9          

        CLASS   BANK10         

        CLASS   BANK11         

        CLASS   BANK12         

        CLASS   BANK13         

        CLASS   BANK14         

        CLASS   BANK15         

        CLASS   SFR            

        CLASS   CONFIG         
                config                           300000   300000        A         4

        CLASS   IDLOC          
                idloc                            200000   200000       10         5

        CLASS   EEDATA         

        CLASS   FARRAM         



SEGMENTS        Name                           Load    Length   Top    Selector   Space  Class

                reset_vec                      000000  000004  000004         0       0  CODE    
                cstackCOMRAM                   000001  000032  000033         1       1  COMRAM  
                ivt0x8                         000008  000012  00001A         4       0  CODE    
                text19                         007800  000002  007802      3C00       0  CODE    
                text11                         007802  000004  007806      3C01       0  CODE    
                text13                         007806  00000A  007810      3C03       0  CODE    
                text7                          007810  00000A  00781A      3C08       0  CODE    
                text6                          00781A  00000A  007824      3C0D       0  CODE    
                text5                          007824  00000A  00782E      3C12       0  CODE    
                text10                         00782E  000018  007846      3C17       0  CODE    
                text3                          007846  00001A  007860      3C23       0  CODE    
                text2                          007860  00001A  00787A      3C30       0  CODE    
                cinit                          00787A  00001C  007896      3C3D       0  CODE    
                text18                         007896  000020  0078B6      3C4B       0  CODE    
                text17                         0078B6  000024  0078DA      3C5B       0  CODE    
                text8                          0078DA  000024  0078FE      3C6D       0  CODE    
                text1                          0078FE  00002C  00792A      3C7F       0  CODE    
                text9                          00792A  000064  00798E      3C95       0  CODE    
                text4                          00798E  000068  0079F6      3CC7       0  CODE    
                text15                         0079F6  000078  007A6E      3CFB       0  CODE    
                text0                          007A6E  0000BE  007B2C      3D37       0  CODE    
                text12                         007B2C  0000DE  007C0A      3D96       0  CODE    
                text16                         007C0A  00013A  007D44      3E05       0  CODE    
                text14                         007D44  0002B8  007FFC      3EA2       0  CODE    
                init                           007FFC  000004  008000      3FFE       0  CODE    


UNUSED ADDRESS RANGES

        Name                Unused          Largest block    Delta
        BANK0            000060-0000FF               A0
        BANK1            000100-0001FF              100
        BANK10           000A00-000AFF              100
        BANK11           000B00-000BFF              100
        BANK12           000C00-000CFF              100
        BANK13           000D00-000DFF              100
        BANK14           000E00-000EFF              100
        BANK15           000F00-000FFF              100
        BANK2            000200-0002FF              100
        BANK3            000300-0003FF              100
        BANK4            000400-0004FF              100
        BANK5            000500-0005FF              100
        BANK6            000600-0006FF              100
        BANK7            000700-0007FF              100
        BANK8            000800-0008FF              100
        BANK9            000900-0009FF              100
        BIGRAM           000033-000FFF              FCD
        CODE             000900-0077FF             6F00
        COMRAM           000033-00005F               2D
        CONST            000900-0077FF             6F00
        EEDATA           310000-3103FF              400
        MEDIUMCONST      001000-0077FF             6800
        RAM              000060-000FFF              100
        SFR              003700-003FFF              100
        SMALLCONST       001000-0077FF              100
        STACK            000060-000FFF              FA0

                                  Symbol Table

?_convertReg2ExtendedCANid                         cstackCOMRAM 000001
?_convertReg2StandardCANid                         cstackCOMRAM 000001
CAN_receive@returnValue                            cstackCOMRAM 000016
CAN_receive@tempCanMsg                             cstackCOMRAM 000014
ECAN_SetWakeUpInterruptHandler@handler             cstackCOMRAM 000001
IVTBASEH                                           (abs)        003FD6
IVTBASEL                                           (abs)        003FD5
IVTBASEU                                           (abs)        003FD7
UART1_SetErrorHandler@interruptHandler             cstackCOMRAM 000001
UART1_SetFramingErrorHandler@interruptHandler      cstackCOMRAM 000001
UART1_SetOverrunErrorHandler@interruptHandler      cstackCOMRAM 000001
UART1_Write@txData                                 cstackCOMRAM 000001
_ANSELA                                            (abs)        003A40
_ANSELB                                            (abs)        003A50
_ANSELC                                            (abs)        003A60
_BRGCON1                                           (abs)        003703
_BRGCON2                                           (abs)        003704
_BRGCON3                                           (abs)        003705
_CANCON                                            (abs)        003F8F
_CANRXPPS                                          (abs)        003AED
_CANSTAT                                           (abs)        003F8E
_CAN_receive                                       text14       007D44
_CIOCON                                            (abs)        003700
_COMSTATbits                                       (abs)        003F90
_ECANCON                                           (abs)        003F91
_ECAN_Initialize                                   text12       007B2C
_ECAN_SetWakeUpInterruptHandler                    text13       007806
_ECAN_WAKI_ISR                                     text18       007896
_INLVLA                                            (abs)        003A44
_INLVLB                                            (abs)        003A54
_INLVLC                                            (abs)        003A64
_INLVLE                                            (abs)        003A84
_INTCON0bits                                       (abs)        003FD2
_INTERRUPT_Initialize                              text11       007802
_INTERRUPT_InterruptManager                        text17       0078B6
_LATA                                              (abs)        003FBA
_LATAbits                                          (abs)        003FBA
_LATB                                              (abs)        003FBB
_LATC                                              (abs)        003FBC
_ODCONA                                            (abs)        003A42
_ODCONB                                            (abs)        003A52
_ODCONC                                            (abs)        003A62
_OSCCON1                                           (abs)        0039D9
_OSCCON3                                           (abs)        0039DB
_OSCEN                                             (abs)        0039DD
_OSCFRQ                                            (abs)        0039DF
_OSCILLATOR_Initialize                             text10       00782E
_OSCTUNE                                           (abs)        0039DE
_PIE5bits                                          (abs)        003995
_PIN_MANAGER_Initialize                            text9        00792A
_PIR3bits                                          (abs)        0039A3
_PIR5bits                                          (abs)        0039A5
_PMD0                                              (abs)        0039C0
_PMD1                                              (abs)        0039C1
_PMD2                                              (abs)        0039C2
_PMD3                                              (abs)        0039C3
_PMD4                                              (abs)        0039C4
_PMD5                                              (abs)        0039C5
_PMD6                                              (abs)        0039C6
_PMD7                                              (abs)        0039C7
_PMD_Initialize                                    text8        0078DA
_RB4PPS                                            (abs)        003A0C
_RC6PPS                                            (abs)        003A16
_RXB0CONbits                                       (abs)        003F80
_RXB0D0                                            (abs)        003F86
_RXB0D1                                            (abs)        003F87
_RXB0D2                                            (abs)        003F88
_RXB0D3                                            (abs)        003F89
_RXB0D4                                            (abs)        003F8A
_RXB0D5                                            (abs)        003F8B
_RXB0D6                                            (abs)        003F8C
_RXB0D7                                            (abs)        003F8D
_RXB0DLC                                           (abs)        003F85
_RXB0EIDH                                          (abs)        003F83
_RXB0EIDL                                          (abs)        003F84
_RXB0SIDH                                          (abs)        003F81
_RXB0SIDL                                          (abs)        003F82
_RXB1CONbits                                       (abs)        0037F0
_RXB1D0                                            (abs)        0037F6
_RXB1D1                                            (abs)        0037F7
_RXB1D2                                            (abs)        0037F8
_RXB1D3                                            (abs)        0037F9
_RXB1D4                                            (abs)        0037FA
_RXB1D5                                            (abs)        0037FB
_RXB1D6                                            (abs)        0037FC
_RXB1D7                                            (abs)        0037FD
_RXB1DLC                                           (abs)        0037F5
_RXB1EIDH                                          (abs)        0037F3
_RXB1EIDL                                          (abs)        0037F4
_RXB1SIDH                                          (abs)        0037F1
_RXB1SIDL                                          (abs)        0037F2
_RXF0EIDH                                          (abs)        0037A2
_RXF0EIDL                                          (abs)        0037A3
_RXF0SIDH                                          (abs)        0037A0
_RXF0SIDL                                          (abs)        0037A1
_RXF1EIDH                                          (abs)        0037A6
_RXF1EIDL                                          (abs)        0037A7
_RXF1SIDH                                          (abs)        0037A4
_RXF1SIDL                                          (abs)        0037A5
_RXF2EIDH                                          (abs)        0037AA
_RXF2EIDL                                          (abs)        0037AB
_RXF2SIDH                                          (abs)        0037A8
_RXF2SIDL                                          (abs)        0037A9
_RXF3EIDH                                          (abs)        0037AE
_RXF3EIDL                                          (abs)        0037AF
_RXF3SIDH                                          (abs)        0037AC
_RXF3SIDL                                          (abs)        0037AD
_RXF4EIDH                                          (abs)        0037B2
_RXF4EIDL                                          (abs)        0037B3
_RXF4SIDH                                          (abs)        0037B0
_RXF4SIDL                                          (abs)        0037B1
_RXF5EIDH                                          (abs)        0037B6
_RXF5EIDL                                          (abs)        0037B7
_RXF5SIDH                                          (abs)        0037B4
_RXF5SIDL                                          (abs)        0037B5
_RXM0EIDH                                          (abs)        0037BA
_RXM0EIDL                                          (abs)        0037BB
_RXM0SIDH                                          (abs)        0037B8
_RXM0SIDL                                          (abs)        0037B9
_RXM1EIDH                                          (abs)        0037BE
_RXM1EIDL                                          (abs)        0037BF
_RXM1SIDH                                          (abs)        0037BC
_RXM1SIDL                                          (abs)        0037BD
_SLRCONA                                           (abs)        003A43
_SLRCONB                                           (abs)        003A53
_SLRCONC                                           (abs)        003A63
_SYSTEM_Initialize                                 text3        007846
_TRISA                                             (abs)        003FC2
_TRISB                                             (abs)        003FC3
_TRISC                                             (abs)        003FC4
_TXB0CONbits                                       (abs)        0037E0
_TXB0D0                                            (abs)        0037E6
_TXB0D1                                            (abs)        0037E7
_TXB0D2                                            (abs)        0037E8
_TXB0D3                                            (abs)        0037E9
_TXB0D4                                            (abs)        0037EA
_TXB0D5                                            (abs)        0037EB
_TXB0D6                                            (abs)        0037EC
_TXB0D7                                            (abs)        0037ED
_TXB0DLC                                           (abs)        0037E5
_TXB0EIDH                                          (abs)        0037E3
_TXB0EIDL                                          (abs)        0037E4
_TXB0SIDH                                          (abs)        0037E1
_TXB0SIDL                                          (abs)        0037E2
_TXB1CONbits                                       (abs)        0037D0
_TXB1D0                                            (abs)        0037D6
_TXB1D1                                            (abs)        0037D7
_TXB1D2                                            (abs)        0037D8
_TXB1D3                                            (abs)        0037D9
_TXB1D4                                            (abs)        0037DA
_TXB1D5                                            (abs)        0037DB
_TXB1D6                                            (abs)        0037DC
_TXB1D7                                            (abs)        0037DD
_TXB1DLC                                           (abs)        0037D5
_TXB1EIDH                                          (abs)        0037D3
_TXB1EIDL                                          (abs)        0037D4
_TXB1SIDH                                          (abs)        0037D1
_TXB1SIDL                                          (abs)        0037D2
_TXB2CONbits                                       (abs)        0037C0
_TXB2D0                                            (abs)        0037C6
_TXB2D1                                            (abs)        0037C7
_TXB2D2                                            (abs)        0037C8
_TXB2D3                                            (abs)        0037C9
_TXB2D4                                            (abs)        0037CA
_TXB2D5                                            (abs)        0037CB
_TXB2D6                                            (abs)        0037CC
_TXB2D7                                            (abs)        0037CD
_TXB2DLC                                           (abs)        0037C5
_TXB2EIDH                                          (abs)        0037C3
_TXB2EIDL                                          (abs)        0037C4
_TXB2SIDH                                          (abs)        0037C1
_TXB2SIDL                                          (abs)        0037C2
_U1BRGH                                            (abs)        003DF6
_U1BRGL                                            (abs)        003DF5
_U1CON0                                            (abs)        003DF2
_U1CON0bits                                        (abs)        003DF2
_U1CON1                                            (abs)        003DF3
_U1CON2                                            (abs)        003DF4
_U1ERRIE                                           (abs)        003DFA
_U1ERRIR                                           (abs)        003DF9
_U1ERRIRbits                                       (abs)        003DF9
_U1FIFO                                            (abs)        003DF7
_U1P1H                                             (abs)        003DED
_U1P1L                                             (abs)        003DEC
_U1P2H                                             (abs)        003DEF
_U1P2L                                             (abs)        003DEE
_U1P3H                                             (abs)        003DF1
_U1P3L                                             (abs)        003DF0
_U1RXB                                             (abs)        003DE8
_U1RXPPS                                           (abs)        003AE7
_U1TXB                                             (abs)        003DEA
_U1UIR                                             (abs)        003DF8
_UART1_DefaultErrorHandler                         (abs)        000000
_UART1_DefaultFramingErrorHandler                  (abs)        000000
_UART1_DefaultOverrunErrorHandler                  (abs)        000000
_UART1_ErrorHandler                                nvCOMRAM     00002A
_UART1_FramingErrorHandler                         nvCOMRAM     00002E
_UART1_Initialize                                  text4        00798E
_UART1_OverrunErrorHandler                         nvCOMRAM     00002C
_UART1_SetErrorHandler                             text7        007810
_UART1_SetFramingErrorHandler                      text6        00781A
_UART1_SetOverrunErrorHandler                      text5        007824
_UART1_Write                                       text2        007860
_UART1_is_tx_ready                                 text1        0078FE
_UART1_is_tx_ready$1005                            cstackCOMRAM 000001
_WPUA                                              (abs)        003A41
_WPUB                                              (abs)        003A51
_WPUC                                              (abs)        003A61
_WPUE                                              (abs)        003A81
_WakeUpDefaultInterruptHandler                     text19       007800
_WakeUpInterruptHandler                            bssCOMRAM    000030
__HRAM                                             (abs)        000000
__Habs1                                            abs1         000000
__Hbank0                                           bank0        000000
__Hbank1                                           bank1        000000
__Hbank10                                          bank10       000000
__Hbank11                                          bank11       000000
__Hbank12                                          bank12       000000
__Hbank13                                          bank13       000000
__Hbank14                                          bank14       000000
__Hbank15                                          bank15       000000
__Hbank2                                           bank2        000000
__Hbank3                                           bank3        000000
__Hbank4                                           bank4        000000
__Hbank5                                           bank5        000000
__Hbank6                                           bank6        000000
__Hbank7                                           bank7        000000
__Hbank8                                           bank8        000000
__Hbank9                                           bank9        000000
__Hbigbss                                          bigbss       000000
__Hbigdata                                         bigdata      000000
__Hbigram                                          bigram       000000
__Hbss                                             bss          000000
__HbssCOMRAM                                       bssCOMRAM    000000
__Hcinit                                           cinit        000000
__Hclrtext                                         clrtext      000000
__Hcomram                                          comram       000000
__Hconfig                                          config       30000A
__Hconst                                           const        000000
__HcstackCOMRAM                                    cstackCOMRAM 000000
__Hdata                                            data         000000
__Heeprom_data                                     eeprom_data  000000
__Hfarbss                                          farbss       000000
__Hfardata                                         fardata      000000
__Hibigdata                                        ibigdata     000000
__Hidata                                           idata        000000
__Hidloc                                           idloc        200010
__Hifardata                                        ifardata     000000
__Hinit                                            init         008000
__Hintsave_regs                                    intsave_regs 000000
__Hirdata                                          irdata       000000
__Hivt0x8                                          ivt0x8       00001A
__Hmediumconst                                     mediumconst  000000
__HnvCOMRAM                                        nvCOMRAM     000000
__HnvFARRAM                                        nvFARRAM     000000
__Hnvbit                                           nvbit        000000
__Hnvrram                                          nvrram       000000
__Hparam                                           rparam       000000
__Hpowerup                                         powerup      000000
__Hram                                             ram          000000
__Hramtop                                          ramtop       001000
__Hrbit                                            rbit         000000
__Hrbss                                            rbss         000000
__Hrdata                                           rdata        000000
__Hreset_vec                                       reset_vec    000004
__Hrparam                                          rparam       000000
__Hsfr                                             sfr          000000
__Hsmallconst                                      smallconst   000000
__Hspace_0                                         (abs)        008000
__Hspace_1                                         (abs)        000033
__Hspace_2                                         (abs)        000000
__Hspace_4                                         (abs)        60000A
__Hstack                                           stack        000000
__Hstruct                                          struct       000000
__Htemp                                            temp         000000
__Htext                                            text         000000
__Htext0                                           text0        000000
__Htext1                                           text1        000000
__Htext10                                          text10       000000
__Htext11                                          text11       000000
__Htext12                                          text12       000000
__Htext13                                          text13       000000
__Htext14                                          text14       000000
__Htext15                                          text15       000000
__Htext16                                          text16       000000
__Htext17                                          text17       000000
__Htext18                                          text18       000000
__Htext19                                          text19       000000
__Htext2                                           text2        000000
__Htext20                                          text20       000000
__Htext3                                           text3        000000
__Htext4                                           text4        000000
__Htext5                                           text5        000000
__Htext6                                           text6        000000
__Htext7                                           text7        000000
__Htext8                                           text8        000000
__Htext9                                           text9        000000
__LRAM                                             (abs)        000001
__Labs1                                            abs1         000000
__Lbank0                                           bank0        000000
__Lbank1                                           bank1        000000
__Lbank10                                          bank10       000000
__Lbank11                                          bank11       000000
__Lbank12                                          bank12       000000
__Lbank13                                          bank13       000000
__Lbank14                                          bank14       000000
__Lbank15                                          bank15       000000
__Lbank2                                           bank2        000000
__Lbank3                                           bank3        000000
__Lbank4                                           bank4        000000
__Lbank5                                           bank5        000000
__Lbank6                                           bank6        000000
__Lbank7                                           bank7        000000
__Lbank8                                           bank8        000000
__Lbank9                                           bank9        000000
__Lbigbss                                          bigbss       000000
__Lbigdata                                         bigdata      000000
__Lbigram                                          bigram       000000
__Lbss                                             bss          000000
__LbssCOMRAM                                       bssCOMRAM    000000
__Lcinit                                           cinit        000000
__Lclrtext                                         clrtext      000000
__Lcomram                                          comram       000000
__Lconfig                                          config       000000
__Lconst                                           const        000000
__LcstackCOMRAM                                    cstackCOMRAM 000000
__Ldata                                            data         000000
__Leeprom_data                                     eeprom_data  000000
__Lfarbss                                          farbss       000000
__Lfardata                                         fardata      000000
__Libigdata                                        ibigdata     000000
__Lidata                                           idata        000000
__Lidloc                                           idloc        000000
__Lifardata                                        ifardata     000000
__Linit                                            init         007FFC
__Lintsave_regs                                    intsave_regs 000000
__Lirdata                                          irdata       000000
__Livt0x8                                          ivt0x8       000008
__Lmediumconst                                     mediumconst  000000
__LnvCOMRAM                                        nvCOMRAM     000000
__LnvFARRAM                                        nvFARRAM     000000
__Lnvbit                                           nvbit        000000
__Lnvrram                                          nvrram       000000
__Lparam                                           rparam       000000
__Lpowerup                                         powerup      000000
__Lram                                             ram          000000
__Lramtop                                          ramtop       001000
__Lrbit                                            rbit         000000
__Lrbss                                            rbss         000000
__Lrdata                                           rdata        000000
__Lreset_vec                                       reset_vec    000000
__Lrparam                                          rparam       000000
__Lsfr                                             sfr          000000
__Lsmallconst                                      smallconst   000000
__Lspace_0                                         (abs)        000000
__Lspace_1                                         (abs)        000000
__Lspace_2                                         (abs)        000000
__Lspace_4                                         (abs)        000000
__Lstack                                           stack        000000
__Lstruct                                          struct       000000
__Ltemp                                            temp         000000
__Ltext                                            text         000000
__Ltext0                                           text0        000000
__Ltext1                                           text1        000000
__Ltext10                                          text10       000000
__Ltext11                                          text11       000000
__Ltext12                                          text12       000000
__Ltext13                                          text13       000000
__Ltext14                                          text14       000000
__Ltext15                                          text15       000000
__Ltext16                                          text16       000000
__Ltext17                                          text17       000000
__Ltext18                                          text18       000000
__Ltext19                                          text19       000000
__Ltext2                                           text2        000000
__Ltext20                                          text20       000000
__Ltext3                                           text3        000000
__Ltext4                                           text4        000000
__Ltext5                                           text5        000000
__Ltext6                                           text6        000000
__Ltext7                                           text7        000000
__Ltext8                                           text8        000000
__Ltext9                                           text9        000000
__S0                                               (abs)        008000
__S1                                               (abs)        000033
__S2                                               (abs)        000000
__S4                                               (abs)        000000
__S5                                               (abs)        000000
___inthi_sp                                        stack        000000
___intlo_sp                                        stack        000000
___param_bank                                      (abs)        000000
___rparam_used                                     (abs)        000001
___sp                                              stack        000000
__accesstop                                        (abs)        000060
__activetblptr                                     (abs)        000002
__end_of_CAN_receive                               text14       007FFC
__end_of_ECAN_Initialize                           text12       007C0A
__end_of_ECAN_SetWakeUpInterruptHandler            text13       007810
__end_of_ECAN_WAKI_ISR                             text18       0078B6
__end_of_INTERRUPT_Initialize                      text11       007806
__end_of_INTERRUPT_InterruptManager                text17       0078DA
__end_of_OSCILLATOR_Initialize                     text10       007846
__end_of_PIN_MANAGER_Initialize                    text9        00798E
__end_of_PMD_Initialize                            text8        0078FE
__end_of_SYSTEM_Initialize                         text3        007860
__end_of_UART1_Initialize                          text4        0079F6
__end_of_UART1_SetErrorHandler                     text7        00781A
__end_of_UART1_SetFramingErrorHandler              text6        007824
__end_of_UART1_SetOverrunErrorHandler              text5        00782E
__end_of_UART1_Write                               text2        00787A
__end_of_UART1_is_tx_ready                         text1        00792A
__end_of_WakeUpDefaultInterruptHandler             text19       007802
__end_of__initialization                           cinit        00788C
__end_of_convertReg2ExtendedCANid                  text16       007D44
__end_of_convertReg2StandardCANid                  text15       007A6E
__end_of_main                                      text0        007B2C
__initialization                                   cinit        00787A
__mediumconst                                      mediumconst  000000
__pbssCOMRAM                                       bssCOMRAM    000030
__pcinit                                           cinit        00787A
__pcstackCOMRAM                                    cstackCOMRAM 000001
__pivt0x8                                          ivt0x8       000008
__pnvCOMRAM                                        nvCOMRAM     00002A
__ptext0                                           text0        007A6E
__ptext1                                           text1        0078FE
__ptext10                                          text10       00782E
__ptext11                                          text11       007802
__ptext12                                          text12       007B2C
__ptext13                                          text13       007806
__ptext14                                          text14       007D44
__ptext15                                          text15       0079F6
__ptext16                                          text16       007C0A
__ptext17                                          text17       0078B6
__ptext18                                          text18       007896
__ptext19                                          text19       007800
__ptext2                                           text2        007860
__ptext20                                          text20       000000
__ptext3                                           text3        007846
__ptext4                                           text4        00798E
__ptext5                                           text5        007824
__ptext6                                           text6        00781A
__ptext7                                           text7        007810
__ptext8                                           text8        0078DA
__ptext9                                           text9        00792A
__ramtop                                           ramtop       001000
__size_of_CAN_receive                              (abs)        000000
__size_of_ECAN_Initialize                          (abs)        000000
__size_of_ECAN_SetWakeUpInterruptHandler           (abs)        000000
__size_of_ECAN_WAKI_ISR                            (abs)        000000
__size_of_INTERRUPT_Initialize                     (abs)        000000
__size_of_INTERRUPT_InterruptManager               (abs)        000000
__size_of_OSCILLATOR_Initialize                    (abs)        000000
__size_of_PIN_MANAGER_Initialize                   (abs)        000000
__size_of_PMD_Initialize                           (abs)        000000
__size_of_SYSTEM_Initialize                        (abs)        000000
__size_of_UART1_Initialize                         (abs)        000000
__size_of_UART1_SetErrorHandler                    (abs)        000000
__size_of_UART1_SetFramingErrorHandler             (abs)        000000
__size_of_UART1_SetOverrunErrorHandler             (abs)        000000
__size_of_UART1_Write                              (abs)        000000
__size_of_UART1_is_tx_ready                        (abs)        000000
__size_of_WakeUpDefaultInterruptHandler            (abs)        000000
__size_of_convertReg2ExtendedCANid                 (abs)        000000
__size_of_convertReg2StandardCANid                 (abs)        000000
__size_of_main                                     (abs)        000000
__smallconst                                       smallconst   000000
_convertReg2ExtendedCANid                          text16       007C0A
_convertReg2StandardCANid                          text15       0079F6
_main                                              text0        007A6E
_uart1RxLastError                                  bssCOMRAM    000032
convertReg2ExtendedCANid@CAN_standardLo_ID_hi3bits cstackCOMRAM 00000F
convertReg2ExtendedCANid@CAN_standardLo_ID_lo2bits cstackCOMRAM 00000E
convertReg2ExtendedCANid@ConvertedID               cstackCOMRAM 000010
convertReg2ExtendedCANid@returnValue               cstackCOMRAM 00000A
convertReg2ExtendedCANid@tempRXBn_EIDH             cstackCOMRAM 000009
convertReg2ExtendedCANid@tempRXBn_EIDL             cstackCOMRAM 000001
convertReg2ExtendedCANid@tempRXBn_SIDH             cstackCOMRAM 000002
convertReg2ExtendedCANid@tempRXBn_SIDL             cstackCOMRAM 000003
convertReg2StandardCANid@ConvertedID               cstackCOMRAM 00000C
convertReg2StandardCANid@returnValue               cstackCOMRAM 000008
convertReg2StandardCANid@tempRXBn_SIDH             cstackCOMRAM 000007
convertReg2StandardCANid@tempRXBn_SIDL             cstackCOMRAM 000001
end_of_initialization                              cinit        00788C
intlevel0                                          text         000000
intlevel1                                          text         000000
intlevel2                                          text         000000
intlevel3                                          text         000000
isa$std                                            (abs)        000001
isa$xinst                                          (abs)        000000
ivt0x8_base                                        ivt0x8       000008
main@i                                             cstackCOMRAM 00001A
main@msg                                           cstackCOMRAM 00001C
stackhi                                            (abs)        000FFF
stacklo                                            (abs)        000060
start                                              init         007FFC
start_initialization                               cinit        00787A


MODULE INFORMATION

Module		Function		Class		Link	Load	Size
mcc_generated_files/interrupt_manager.c
		_INTERRUPT_Initialize		CODE           	7802	0000	4
		_INTERRUPT_InterruptManager		CODE           	78B6	0000	36

mcc_generated_files/interrupt_manager.c estimated size: 40

mcc_generated_files/pin_manager.c
		_PIN_MANAGER_Initialize		CODE           	792A	0000	100

mcc_generated_files/pin_manager.c estimated size: 100

mcc_generated_files/ecan.c
		_ECAN_SetWakeUpInterruptHandler		CODE           	7806	0000	10
		_CAN_receive   		CODE           	7D44	0000	696
		_ECAN_Initialize		CODE           	7B2C	0000	222
		_convertReg2ExtendedCANid		CODE           	7C0A	0000	314
		_convertReg2StandardCANid		CODE           	79F6	0000	120
		_WakeUpDefaultInterruptHandler		CODE           	7800	0000	2
		_ECAN_WAKI_ISR 		CODE           	7896	0000	32

mcc_generated_files/ecan.c estimated size: 1396

mcc_generated_files/uart1.c
		_UART1_Write   		CODE           	7860	0000	26
		_UART1_SetFramingErrorHandler		CODE           	781A	0000	10
		_UART1_SetOverrunErrorHandler		CODE           	7824	0000	10
		_UART1_Initialize		CODE           	798E	0000	104
		_UART1_SetErrorHandler		CODE           	7810	0000	10
		_UART1_is_tx_ready		CODE           	78FE	0000	44

mcc_generated_files/uart1.c estimated size: 204

shared
		__initialization		CODE           	787A	0000	18

shared estimated size: 18

mcc_generated_files/mcc.c
		_PMD_Initialize		CODE           	78DA	0000	36
		_OSCILLATOR_Initialize		CODE           	782E	0000	24
		_SYSTEM_Initialize		CODE           	7846	0000	26

mcc_generated_files/mcc.c estimated size: 86

main.c
		_main          		CODE           	7A6E	0000	190

main.c estimated size: 190

