Microchip MPLAB XC8 Compiler V2.31

Linker command line:

-W-3 --edf=/Applications/microchip/xc8/v2.31/pic/dat/en_msgs.txt \
  -pivt0x8=08h -cn \
  -h+dist/default/production/PIC18_CanRxTest.X.production.sym \
  --cmf=dist/default/production/PIC18_CanRxTest.X.production.cmf -z \
  -Q18F26K83 -o/tmp/xcFEAvy8o --defsym=__MPLAB_BUILD=1 \
  -Mdist/default/production/PIC18_CanRxTest.X.production.map -E1 \
  -ver=XC8 Compiler --acfsm=1493 -ASTACK=0D4h-0FFFh -pstack=STACK \
  -ACODE=0900h-07FFFh -ACONST=0900h-07FFFh -ASMALLCONST=01000h-010FFhx112 \
  -AMEDIUMCONST=01000h-07FFFh -ACOMRAM=01h-05Fh -AABS1=00h-0FFFh \
  -ABIGRAM=01h-0FFFh -ARAM=060h-0FFh,0100h-01FFhx15 -ABANK0=060h-0FFh \
  -ABANK1=0100h-01FFh -ABANK2=0200h-02FFh -ABANK3=0300h-03FFh \
  -ABANK4=0400h-04FFh -ABANK5=0500h-05FFh -ABANK6=0600h-06FFh \
  -ABANK7=0700h-07FFh -ABANK8=0800h-08FFh -ABANK9=0900h-09FFh \
  -ABANK10=0A00h-0AFFh -ABANK11=0B00h-0BFFh -ABANK12=0C00h-0CFFh \
  -ABANK13=0D00h-0DFFh -ABANK14=0E00h-0EFFh -ABANK15=0F00h-0FFFh \
  -ASFR=03700h-037FFhx8,03F00h-03F5Fh,03F60h-03FFFh \
  -ACONFIG=0300000h-0300009h -AIDLOC=0200000h-020000Fh \
  -AEEDATA=0310000h-03103FFh -peeprom_data=EEDATA -preset_vec=00h \
  -ppowerup=CODE,init -pramtop=01000h -psmallconst=SMALLCONST \
  -pmediumconst=MEDIUMCONST -pconst=CONST -AFARRAM=00h-00h \
  -prdata=COMRAM,nvrram=COMRAM,nvbit=COMRAM,rbss=COMRAM,rbit=COMRAM \
  -pfarbss=FARRAM,fardata=FARRAM,nvFARRAM=FARRAM \
  -pintsave_regs=BIGRAM,bigbss=BIGRAM,bigdata=BIGRAM -pbss=RAM \
  -pidata=CODE,irdata=CODE,ibigdata=CODE,ifardata=CODE -prparam=COMRAM \
  /tmp/xcKeXzM0M.o dist/default/production/PIC18_CanRxTest.X.production.o 

Object code version is 3.11

Machine type is 18F26K83



                Name                               Link     Load   Length Selector   Space Scale
/tmp/xcKeXzM0M.o
                idloc                            200000   200000       10        0       5
                config                           300000   300000        A        0       4
                init                               7FFC     7FFC        4     3FFE       0
                reset_vec                             0        0        4        0       0
dist/default/production/PIC18_CanRxTest.X.production.o
                idloc                            200000   200000       10        0       5
                config                           300000   300000        A        0       4
                smallconst                         1000     1000       BE      800       0
                ivt0x8                                8        8       12        4       0
                text40                             3338     3338        2      85F       0
                text39                             3294     3294       22      85F       0
                text38                             3270     3270       24      85F       0
                text37                             28A0     28A0      13A      85F       0
                text36                             2E8E     2E8E       78      85F       0
                text35                             1F9E     1F9E      2B8      85F       0
                text34                             241C     241C      198      85F       0
                text33                             167E     167E      360      85F       0
                text32                             332A     332A        A      85F       0
                text31                             2AD4     2AD4       DE      85F       0
                text30                             3334     3334        4      85F       0
                text29                             32EA     32EA       18      85F       0
                text28                             2FD4     2FD4       64      85F       0
                text27                             324C     324C       24      85F       0
                text26                             3320     3320        A      85F       0
                text25                             3316     3316        A      85F       0
                text24                             330C     330C        A      85F       0
                text23                             2F06     2F06       68      85F       0
                text22                             32D0     32D0       1A      85F       0
                text21                             2D48     2D48       B0      85F       0
                text20                             25B4     25B4      188      85F       0
                text19                             273C     273C      164      85F       0
                text18                             30DA     30DA       40      85F       0
                text17                             32B6     32B6       1A      85F       0
                text16                             3302     3302        A      85F       0
                text15                             2DF8     2DF8       96      85F       0
                text14                             3096     3096       44      85F       0
                text13                             3156     3156       3A      85F       0
                text12                             2C82     2C82       C6      85F       0
                text11                             19DE     19DE      2E4      85F       0
                text10                             29DA     29DA       FA      85F       0
                text9                              311A     311A       3C      85F       0
                text8                              31C8     31C8       38      85F       0
                text7                              3190     3190       38      85F       0
                text6                              3038     3038       5E      85F       0
                text5                              1CC2     1CC2      2DC      85F       0
                text4                              10BE     10BE      5C0      85F       0
                text3                              2F6E     2F6E       66      85F       0
                text2                              3200     3200       28      85F       0
                text1                              2BB2     2BB2       D0      85F       0
                text0                              2256     2256      1C6      85F       0
                cstackCOMRAM                          1        1       5E        1       1
                cstackBANK0                          60       60       44       60       1
                bssBANK0                             A4       A4       2A       60       1
                bssCOMRAM                            5F       5F        1        1       1
                cinit                              3228     3228       24      85F       0
                nvBANK0                              CE       CE        6       60       1

TOTAL           Name                               Link     Load   Length     Space
        CLASS   STACK          

        CLASS   CODE           
                init                               7FFC     7FFC        4         0
                reset_vec                             0        0        4         0
                ivt0x8                                8        8       12         0
                text40                             3338     3338        2         0
                text39                             3294     3294       22         0
                text38                             3270     3270       24         0
                text37                             28A0     28A0      13A         0
                text36                             2E8E     2E8E       78         0
                text35                             1F9E     1F9E      2B8         0
                text34                             241C     241C      198         0
                text33                             167E     167E      360         0
                text32                             332A     332A        A         0
                text31                             2AD4     2AD4       DE         0
                text30                             3334     3334        4         0
                text29                             32EA     32EA       18         0
                text28                             2FD4     2FD4       64         0
                text27                             324C     324C       24         0
                text26                             3320     3320        A         0
                text25                             3316     3316        A         0
                text24                             330C     330C        A         0
                text23                             2F06     2F06       68         0
                text22                             32D0     32D0       1A         0
                text21                             2D48     2D48       B0         0
                text20                             25B4     25B4      188         0
                text19                             273C     273C      164         0
                text18                             30DA     30DA       40         0
                text17                             32B6     32B6       1A         0
                text16                             3302     3302        A         0
                text15                             2DF8     2DF8       96         0
                text14                             3096     3096       44         0
                text13                             3156     3156       3A         0
                text12                             2C82     2C82       C6         0
                text11                             19DE     19DE      2E4         0
                text10                             29DA     29DA       FA         0
                text9                              311A     311A       3C         0
                text8                              31C8     31C8       38         0
                text7                              3190     3190       38         0
                text6                              3038     3038       5E         0
                text5                              1CC2     1CC2      2DC         0
                text4                              10BE     10BE      5C0         0
                text3                              2F6E     2F6E       66         0
                text2                              3200     3200       28         0
                text1                              2BB2     2BB2       D0         0
                text0                              2256     2256      1C6         0
                cinit                              3228     3228       24         0

        CLASS   CONST          

        CLASS   SMALLCONST     
                smallconst                         1000     1000       BE         0

        CLASS   MEDIUMCONST    

        CLASS   COMRAM         
                cstackCOMRAM                          1        1       5E         1
                bssCOMRAM                            5F       5F        1         1

        CLASS   ABS1           

        CLASS   BIGRAM         

        CLASS   RAM            

        CLASS   BANK0          
                cstackBANK0                          60       60       44         1
                bssBANK0                             A4       A4       2A         1
                nvBANK0                              CE       CE        6         1

        CLASS   BANK1          

        CLASS   BANK2          

        CLASS   BANK3          

        CLASS   BANK4          

        CLASS   BANK5          

        CLASS   BANK6          

        CLASS   BANK7          

        CLASS   BANK8          

        CLASS   BANK9          

        CLASS   BANK10         

        CLASS   BANK11         

        CLASS   BANK12         

        CLASS   BANK13         

        CLASS   BANK14         

        CLASS   BANK15         

        CLASS   SFR            

        CLASS   CONFIG         
                config                           300000   300000        A         4

        CLASS   IDLOC          
                idloc                            200000   200000       10         5

        CLASS   EEDATA         

        CLASS   FARRAM         



SEGMENTS        Name                           Load    Length   Top    Selector   Space  Class

                reset_vec                      000000  000004  000004         0       0  CODE    
                text4                          0010BE  00227C  00333A       85F       0  CODE    
                cstackCOMRAM                   000001  00005F  000060         1       1  COMRAM  
                cstackBANK0                    000060  000074  0000D4        60       1  BANK0   
                ivt0x8                         000008  000012  00001A         4       0  CODE    
                smallconst                     001000  0000BE  0010BE       800       0  SMALLCON
                init                           007FFC  000004  008000      3FFE       0  CODE    


UNUSED ADDRESS RANGES

        Name                Unused          Largest block    Delta
        BANK0            0000D4-0000FF               2C
        BANK1            000100-0001FF              100
        BANK10           000A00-000AFF              100
        BANK11           000B00-000BFF              100
        BANK12           000C00-000CFF              100
        BANK13           000D00-000DFF              100
        BANK14           000E00-000EFF              100
        BANK15           000F00-000FFF              100
        BANK2            000200-0002FF              100
        BANK3            000300-0003FF              100
        BANK4            000400-0004FF              100
        BANK5            000500-0005FF              100
        BANK6            000600-0006FF              100
        BANK7            000700-0007FF              100
        BANK8            000800-0008FF              100
        BANK9            000900-0009FF              100
        BIGRAM           0000D4-000FFF              F2C
        CODE             000900-000FFF              700
                         00333A-007FFB             4CC2
        CONST            000900-000FFF              700
                         00333A-007FFB             4CC2
        EEDATA           310000-3103FF              400
        MEDIUMCONST      00333A-007FFB             4CC2
        RAM              0000D4-000FFF              100
        SFR              003700-003FFF              100
        SMALLCONST       00333A-007FFB              100
        STACK            0000D4-000FFF              F2C

                                  Symbol Table

?___aodiv                                          cstackCOMRAM 000001
?___aomod                                          cstackCOMRAM 000001
?___awmod                                          cstackCOMRAM 000001
?_abs                                              cstackCOMRAM 000013
?_convertReg2ExtendedCANid                         cstackCOMRAM 000001
?_convertReg2StandardCANid                         cstackCOMRAM 000001
?_dtoa                                             cstackCOMRAM 00001E
?_isalpha                                          cstackCOMRAM 000001
?_islower                                          cstackCOMRAM 000001
?_isupper                                          cstackCOMRAM 000001
?_pad                                              cstackCOMRAM 000013
?_printf                                           cstackBANK0  000073
?_strlen                                           cstackCOMRAM 000001
?_strncmp                                          cstackCOMRAM 000001
?_toupper                                          cstackCOMRAM 000007
?_vfpfcnvrt                                        cstackCOMRAM 000045
?_vfprintf                                         cstackCOMRAM 000059
?_xtoa                                             cstackCOMRAM 00001E
CAN_receive@returnValue                            cstackCOMRAM 000016
CAN_receive@tempCanMsg                             cstackCOMRAM 000014
CAN_transmit@returnValue                           cstackCOMRAM 000015
CAN_transmit@tempCanMsg                            cstackCOMRAM 000013
CAN_transmit@tempEIDH                              cstackCOMRAM 000016
CAN_transmit@tempEIDL                              cstackCOMRAM 000017
CAN_transmit@tempSIDH                              cstackCOMRAM 000018
CAN_transmit@tempSIDL                              cstackCOMRAM 000019
ECAN_SetWakeUpInterruptHandler@handler             cstackCOMRAM 000001
IVTBASEH                                           (abs)        003FD6
IVTBASEL                                           (abs)        003FD5
IVTBASEU                                           (abs)        003FD7
UART1_SetErrorHandler@interruptHandler             cstackCOMRAM 000001
UART1_SetFramingErrorHandler@interruptHandler      cstackCOMRAM 000001
UART1_SetOverrunErrorHandler@interruptHandler      cstackCOMRAM 000001
UART1_Write@txData                                 cstackCOMRAM 000001
_ANSELA                                            (abs)        003A40
_ANSELB                                            (abs)        003A50
_ANSELC                                            (abs)        003A60
_BRGCON1                                           (abs)        003703
_BRGCON2                                           (abs)        003704
_BRGCON3                                           (abs)        003705
_CANCON                                            (abs)        003F8F
_CANRXPPS                                          (abs)        003AED
_CANSTAT                                           (abs)        003F8E
_CAN_receive                                       text35       001F9E
_CAN_transmit                                      text33       00167E
_CIOCON                                            (abs)        003700
_COMSTATbits                                       (abs)        003F90
_ECANCON                                           (abs)        003F91
_ECAN_Initialize                                   text31       002AD4
_ECAN_SetWakeUpInterruptHandler                    text32       00332A
_ECAN_WAKI_ISR                                     text39       003294
_INLVLA                                            (abs)        003A44
_INLVLB                                            (abs)        003A54
_INLVLC                                            (abs)        003A64
_INLVLE                                            (abs)        003A84
_INTCON0bits                                       (abs)        003FD2
_INTERRUPT_Initialize                              text30       003334
_INTERRUPT_InterruptManager                        text38       003270
_LATA                                              (abs)        003FBA
_LATAbits                                          (abs)        003FBA
_LATB                                              (abs)        003FBB
_LATC                                              (abs)        003FBC
_ODCONA                                            (abs)        003A42
_ODCONB                                            (abs)        003A52
_ODCONC                                            (abs)        003A62
_OSCCON1                                           (abs)        0039D9
_OSCCON3                                           (abs)        0039DB
_OSCEN                                             (abs)        0039DD
_OSCFRQ                                            (abs)        0039DF
_OSCILLATOR_Initialize                             text29       0032EA
_OSCTUNE                                           (abs)        0039DE
_PIE5bits                                          (abs)        003995
_PIN_MANAGER_Initialize                            text28       002FD4
_PIR3bits                                          (abs)        0039A3
_PIR5bits                                          (abs)        0039A5
_PMD0                                              (abs)        0039C0
_PMD1                                              (abs)        0039C1
_PMD2                                              (abs)        0039C2
_PMD3                                              (abs)        0039C3
_PMD4                                              (abs)        0039C4
_PMD5                                              (abs)        0039C5
_PMD6                                              (abs)        0039C6
_PMD7                                              (abs)        0039C7
_PMD_Initialize                                    text27       00324C
_RB4PPS                                            (abs)        003A0C
_RC6PPS                                            (abs)        003A16
_RXB0CONbits                                       (abs)        003F80
_RXB0D0                                            (abs)        003F86
_RXB0D1                                            (abs)        003F87
_RXB0D2                                            (abs)        003F88
_RXB0D3                                            (abs)        003F89
_RXB0D4                                            (abs)        003F8A
_RXB0D5                                            (abs)        003F8B
_RXB0D6                                            (abs)        003F8C
_RXB0D7                                            (abs)        003F8D
_RXB0DLC                                           (abs)        003F85
_RXB0EIDH                                          (abs)        003F83
_RXB0EIDL                                          (abs)        003F84
_RXB0SIDH                                          (abs)        003F81
_RXB0SIDL                                          (abs)        003F82
_RXB1CONbits                                       (abs)        0037F0
_RXB1D0                                            (abs)        0037F6
_RXB1D1                                            (abs)        0037F7
_RXB1D2                                            (abs)        0037F8
_RXB1D3                                            (abs)        0037F9
_RXB1D4                                            (abs)        0037FA
_RXB1D5                                            (abs)        0037FB
_RXB1D6                                            (abs)        0037FC
_RXB1D7                                            (abs)        0037FD
_RXB1DLC                                           (abs)        0037F5
_RXB1EIDH                                          (abs)        0037F3
_RXB1EIDL                                          (abs)        0037F4
_RXB1SIDH                                          (abs)        0037F1
_RXB1SIDL                                          (abs)        0037F2
_RXF0EIDH                                          (abs)        0037A2
_RXF0EIDL                                          (abs)        0037A3
_RXF0SIDH                                          (abs)        0037A0
_RXF0SIDL                                          (abs)        0037A1
_RXF1EIDH                                          (abs)        0037A6
_RXF1EIDL                                          (abs)        0037A7
_RXF1SIDH                                          (abs)        0037A4
_RXF1SIDL                                          (abs)        0037A5
_RXF2EIDH                                          (abs)        0037AA
_RXF2EIDL                                          (abs)        0037AB
_RXF2SIDH                                          (abs)        0037A8
_RXF2SIDL                                          (abs)        0037A9
_RXF3EIDH                                          (abs)        0037AE
_RXF3EIDL                                          (abs)        0037AF
_RXF3SIDH                                          (abs)        0037AC
_RXF3SIDL                                          (abs)        0037AD
_RXF4EIDH                                          (abs)        0037B2
_RXF4EIDL                                          (abs)        0037B3
_RXF4SIDH                                          (abs)        0037B0
_RXF4SIDL                                          (abs)        0037B1
_RXF5EIDH                                          (abs)        0037B6
_RXF5EIDL                                          (abs)        0037B7
_RXF5SIDH                                          (abs)        0037B4
_RXF5SIDL                                          (abs)        0037B5
_RXM0EIDH                                          (abs)        0037BA
_RXM0EIDL                                          (abs)        0037BB
_RXM0SIDH                                          (abs)        0037B8
_RXM0SIDL                                          (abs)        0037B9
_RXM1EIDH                                          (abs)        0037BE
_RXM1EIDL                                          (abs)        0037BF
_RXM1SIDH                                          (abs)        0037BC
_RXM1SIDL                                          (abs)        0037BD
_SLRCONA                                           (abs)        003A43
_SLRCONB                                           (abs)        003A53
_SLRCONC                                           (abs)        003A63
_SYSTEM_Initialize                                 text22       0032D0
_TRISA                                             (abs)        003FC2
_TRISB                                             (abs)        003FC3
_TRISC                                             (abs)        003FC4
_TXB0CONbits                                       (abs)        0037E0
_TXB0D0                                            (abs)        0037E6
_TXB0D1                                            (abs)        0037E7
_TXB0D2                                            (abs)        0037E8
_TXB0D3                                            (abs)        0037E9
_TXB0D4                                            (abs)        0037EA
_TXB0D5                                            (abs)        0037EB
_TXB0D6                                            (abs)        0037EC
_TXB0D7                                            (abs)        0037ED
_TXB0DLC                                           (abs)        0037E5
_TXB0EIDH                                          (abs)        0037E3
_TXB0EIDL                                          (abs)        0037E4
_TXB0SIDH                                          (abs)        0037E1
_TXB0SIDL                                          (abs)        0037E2
_TXB1CONbits                                       (abs)        0037D0
_TXB1D0                                            (abs)        0037D6
_TXB1D1                                            (abs)        0037D7
_TXB1D2                                            (abs)        0037D8
_TXB1D3                                            (abs)        0037D9
_TXB1D4                                            (abs)        0037DA
_TXB1D5                                            (abs)        0037DB
_TXB1D6                                            (abs)        0037DC
_TXB1D7                                            (abs)        0037DD
_TXB1DLC                                           (abs)        0037D5
_TXB1EIDH                                          (abs)        0037D3
_TXB1EIDL                                          (abs)        0037D4
_TXB1SIDH                                          (abs)        0037D1
_TXB1SIDL                                          (abs)        0037D2
_TXB2CONbits                                       (abs)        0037C0
_TXB2D0                                            (abs)        0037C6
_TXB2D1                                            (abs)        0037C7
_TXB2D2                                            (abs)        0037C8
_TXB2D3                                            (abs)        0037C9
_TXB2D4                                            (abs)        0037CA
_TXB2D5                                            (abs)        0037CB
_TXB2D6                                            (abs)        0037CC
_TXB2D7                                            (abs)        0037CD
_TXB2DLC                                           (abs)        0037C5
_TXB2EIDH                                          (abs)        0037C3
_TXB2EIDL                                          (abs)        0037C4
_TXB2SIDH                                          (abs)        0037C1
_TXB2SIDL                                          (abs)        0037C2
_U1BRGH                                            (abs)        003DF6
_U1BRGL                                            (abs)        003DF5
_U1CON0                                            (abs)        003DF2
_U1CON0bits                                        (abs)        003DF2
_U1CON1                                            (abs)        003DF3
_U1CON2                                            (abs)        003DF4
_U1ERRIE                                           (abs)        003DFA
_U1ERRIR                                           (abs)        003DF9
_U1ERRIRbits                                       (abs)        003DF9
_U1FIFO                                            (abs)        003DF7
_U1P1H                                             (abs)        003DED
_U1P1L                                             (abs)        003DEC
_U1P2H                                             (abs)        003DEF
_U1P2L                                             (abs)        003DEE
_U1P3H                                             (abs)        003DF1
_U1P3L                                             (abs)        003DF0
_U1RXB                                             (abs)        003DE8
_U1RXPPS                                           (abs)        003AE7
_U1TXB                                             (abs)        003DEA
_U1UIR                                             (abs)        003DF8
_UART1_DefaultErrorHandler                         (abs)        000000
_UART1_DefaultFramingErrorHandler                  (abs)        000000
_UART1_DefaultOverrunErrorHandler                  (abs)        000000
_UART1_ErrorHandler                                nvBANK0      0000CE
_UART1_FramingErrorHandler                         nvBANK0      0000D2
_UART1_Initialize                                  text23       002F06
_UART1_OverrunErrorHandler                         nvBANK0      0000D0
_UART1_SetErrorHandler                             text26       003320
_UART1_SetFramingErrorHandler                      text25       003316
_UART1_SetOverrunErrorHandler                      text24       00330C
_UART1_Write                                       text17       0032B6
_WPUA                                              (abs)        003A41
_WPUB                                              (abs)        003A51
_WPUC                                              (abs)        003A61
_WPUE                                              (abs)        003A81
_WakeUpDefaultInterruptHandler                     text40       003338
_WakeUpInterruptHandler                            bssBANK0     0000AC
__HRAM                                             (abs)        000000
__Habs1                                            abs1         000000
__Hbank0                                           bank0        000000
__Hbank1                                           bank1        000000
__Hbank10                                          bank10       000000
__Hbank11                                          bank11       000000
__Hbank12                                          bank12       000000
__Hbank13                                          bank13       000000
__Hbank14                                          bank14       000000
__Hbank15                                          bank15       000000
__Hbank2                                           bank2        000000
__Hbank3                                           bank3        000000
__Hbank4                                           bank4        000000
__Hbank5                                           bank5        000000
__Hbank6                                           bank6        000000
__Hbank7                                           bank7        000000
__Hbank8                                           bank8        000000
__Hbank9                                           bank9        000000
__Hbigbss                                          bigbss       000000
__Hbigdata                                         bigdata      000000
__Hbigram                                          bigram       000000
__Hbss                                             bss          000000
__HbssBANK0                                        bssBANK0     000000
__HbssCOMRAM                                       bssCOMRAM    000000
__Hcinit                                           cinit        000000
__Hclrtext                                         clrtext      000000
__Hcomram                                          comram       000000
__Hconfig                                          config       30000A
__Hconst                                           const        000000
__HcstackBANK0                                     cstackBANK0  000000
__HcstackCOMRAM                                    cstackCOMRAM 000000
__Hdata                                            data         000000
__Heeprom_data                                     eeprom_data  000000
__Hfarbss                                          farbss       000000
__Hfardata                                         fardata      000000
__Hibigdata                                        ibigdata     000000
__Hidata                                           idata        000000
__Hidloc                                           idloc        200010
__Hifardata                                        ifardata     000000
__Hinit                                            init         008000
__Hintsave_regs                                    intsave_regs 000000
__Hirdata                                          irdata       000000
__Hivt0x8                                          ivt0x8       00001A
__Hmediumconst                                     mediumconst  000000
__HnvBANK0                                         nvBANK0      000000
__HnvFARRAM                                        nvFARRAM     000000
__Hnvbit                                           nvbit        000000
__Hnvrram                                          nvrram       000000
__Hparam                                           rparam       000000
__Hpowerup                                         powerup      000000
__Hram                                             ram          000000
__Hramtop                                          ramtop       001000
__Hrbit                                            rbit         000000
__Hrbss                                            rbss         000000
__Hrdata                                           rdata        000000
__Hreset_vec                                       reset_vec    000004
__Hrparam                                          rparam       000000
__Hsfr                                             sfr          000000
__Hsmallconst                                      smallconst   0010BE
__Hspace_0                                         (abs)        008000
__Hspace_1                                         (abs)        0000D4
__Hspace_2                                         (abs)        000000
__Hspace_4                                         (abs)        60000A
__Hstack                                           stack        000000
__Hstruct                                          struct       000000
__Htemp                                            temp         000000
__Htext                                            text         000000
__Htext0                                           text0        000000
__Htext1                                           text1        000000
__Htext10                                          text10       000000
__Htext11                                          text11       000000
__Htext12                                          text12       000000
__Htext13                                          text13       000000
__Htext14                                          text14       000000
__Htext15                                          text15       000000
__Htext16                                          text16       000000
__Htext17                                          text17       000000
__Htext18                                          text18       000000
__Htext19                                          text19       000000
__Htext2                                           text2        000000
__Htext20                                          text20       000000
__Htext21                                          text21       000000
__Htext22                                          text22       000000
__Htext23                                          text23       000000
__Htext24                                          text24       000000
__Htext25                                          text25       000000
__Htext26                                          text26       000000
__Htext27                                          text27       000000
__Htext28                                          text28       000000
__Htext29                                          text29       000000
__Htext3                                           text3        000000
__Htext30                                          text30       000000
__Htext31                                          text31       000000
__Htext32                                          text32       000000
__Htext33                                          text33       000000
__Htext34                                          text34       000000
__Htext35                                          text35       000000
__Htext36                                          text36       000000
__Htext37                                          text37       000000
__Htext38                                          text38       000000
__Htext39                                          text39       000000
__Htext4                                           text4        000000
__Htext40                                          text40       000000
__Htext41                                          text41       000000
__Htext5                                           text5        000000
__Htext6                                           text6        000000
__Htext7                                           text7        000000
__Htext8                                           text8        000000
__Htext9                                           text9        000000
__LRAM                                             (abs)        000001
__Labs1                                            abs1         000000
__Lbank0                                           bank0        000000
__Lbank1                                           bank1        000000
__Lbank10                                          bank10       000000
__Lbank11                                          bank11       000000
__Lbank12                                          bank12       000000
__Lbank13                                          bank13       000000
__Lbank14                                          bank14       000000
__Lbank15                                          bank15       000000
__Lbank2                                           bank2        000000
__Lbank3                                           bank3        000000
__Lbank4                                           bank4        000000
__Lbank5                                           bank5        000000
__Lbank6                                           bank6        000000
__Lbank7                                           bank7        000000
__Lbank8                                           bank8        000000
__Lbank9                                           bank9        000000
__Lbigbss                                          bigbss       000000
__Lbigdata                                         bigdata      000000
__Lbigram                                          bigram       000000
__Lbss                                             bss          000000
__LbssBANK0                                        bssBANK0     000000
__LbssCOMRAM                                       bssCOMRAM    000000
__Lcinit                                           cinit        000000
__Lclrtext                                         clrtext      000000
__Lcomram                                          comram       000000
__Lconfig                                          config       000000
__Lconst                                           const        000000
__LcstackBANK0                                     cstackBANK0  000000
__LcstackCOMRAM                                    cstackCOMRAM 000000
__Ldata                                            data         000000
__Leeprom_data                                     eeprom_data  000000
__Lfarbss                                          farbss       000000
__Lfardata                                         fardata      000000
__Libigdata                                        ibigdata     000000
__Lidata                                           idata        000000
__Lidloc                                           idloc        000000
__Lifardata                                        ifardata     000000
__Linit                                            init         007FFC
__Lintsave_regs                                    intsave_regs 000000
__Lirdata                                          irdata       000000
__Livt0x8                                          ivt0x8       000008
__Lmediumconst                                     mediumconst  000000
__LnvBANK0                                         nvBANK0      000000
__LnvFARRAM                                        nvFARRAM     000000
__Lnvbit                                           nvbit        000000
__Lnvrram                                          nvrram       000000
__Lparam                                           rparam       000000
__Lpowerup                                         powerup      000000
__Lram                                             ram          000000
__Lramtop                                          ramtop       001000
__Lrbit                                            rbit         000000
__Lrbss                                            rbss         000000
__Lrdata                                           rdata        000000
__Lreset_vec                                       reset_vec    000000
__Lrparam                                          rparam       000000
__Lsfr                                             sfr          000000
__Lsmallconst                                      smallconst   001000
__Lspace_0                                         (abs)        000000
__Lspace_1                                         (abs)        000000
__Lspace_2                                         (abs)        000000
__Lspace_4                                         (abs)        000000
__Lstack                                           stack        000000
__Lstruct                                          struct       000000
__Ltemp                                            temp         000000
__Ltext                                            text         000000
__Ltext0                                           text0        000000
__Ltext1                                           text1        000000
__Ltext10                                          text10       000000
__Ltext11                                          text11       000000
__Ltext12                                          text12       000000
__Ltext13                                          text13       000000
__Ltext14                                          text14       000000
__Ltext15                                          text15       000000
__Ltext16                                          text16       000000
__Ltext17                                          text17       000000
__Ltext18                                          text18       000000
__Ltext19                                          text19       000000
__Ltext2                                           text2        000000
__Ltext20                                          text20       000000
__Ltext21                                          text21       000000
__Ltext22                                          text22       000000
__Ltext23                                          text23       000000
__Ltext24                                          text24       000000
__Ltext25                                          text25       000000
__Ltext26                                          text26       000000
__Ltext27                                          text27       000000
__Ltext28                                          text28       000000
__Ltext29                                          text29       000000
__Ltext3                                           text3        000000
__Ltext30                                          text30       000000
__Ltext31                                          text31       000000
__Ltext32                                          text32       000000
__Ltext33                                          text33       000000
__Ltext34                                          text34       000000
__Ltext35                                          text35       000000
__Ltext36                                          text36       000000
__Ltext37                                          text37       000000
__Ltext38                                          text38       000000
__Ltext39                                          text39       000000
__Ltext4                                           text4        000000
__Ltext40                                          text40       000000
__Ltext41                                          text41       000000
__Ltext5                                           text5        000000
__Ltext6                                           text6        000000
__Ltext7                                           text7        000000
__Ltext8                                           text8        000000
__Ltext9                                           text9        000000
__S0                                               (abs)        008000
__S1                                               (abs)        0000D4
__S2                                               (abs)        000000
__S4                                               (abs)        000000
__S5                                               (abs)        000000
___aodiv                                           text20       0025B4
___aodiv@counter                                   cstackCOMRAM 000011
___aodiv@dividend                                  cstackCOMRAM 000001
___aodiv@divisor                                   cstackCOMRAM 000009
___aodiv@quotient                                  cstackCOMRAM 000013
___aodiv@sign                                      cstackCOMRAM 000012
___aomod                                           text19       00273C
___aomod@counter                                   cstackCOMRAM 000011
___aomod@dividend                                  cstackCOMRAM 000001
___aomod@divisor                                   cstackCOMRAM 000009
___aomod@sign                                      cstackCOMRAM 000012
___awmod                                           text21       002D48
___awmod@counter                                   cstackCOMRAM 000005
___awmod@dividend                                  cstackCOMRAM 000001
___awmod@divisor                                   cstackCOMRAM 000003
___awmod@sign                                      cstackCOMRAM 000006
___inthi_sp                                        stack        000000
___intlo_sp                                        stack        000000
___param_bank                                      (abs)        000000
___rparam_used                                     (abs)        000001
___sp                                              stack        000000
__accesstop                                        (abs)        000060
__activetblptr                                     (abs)        000002
__end_of_CAN_receive                               text35       002256
__end_of_CAN_transmit                              text33       0019DE
__end_of_ECAN_Initialize                           text31       002BB2
__end_of_ECAN_SetWakeUpInterruptHandler            text32       003334
__end_of_ECAN_WAKI_ISR                             text39       0032B6
__end_of_INTERRUPT_Initialize                      text30       003338
__end_of_INTERRUPT_InterruptManager                text38       003294
__end_of_OSCILLATOR_Initialize                     text29       003302
__end_of_PIN_MANAGER_Initialize                    text28       003038
__end_of_PMD_Initialize                            text27       003270
__end_of_SYSTEM_Initialize                         text22       0032EA
__end_of_UART1_Initialize                          text23       002F6E
__end_of_UART1_SetErrorHandler                     text26       00332A
__end_of_UART1_SetFramingErrorHandler              text25       003320
__end_of_UART1_SetOverrunErrorHandler              text24       003316
__end_of_UART1_Write                               text17       0032D0
__end_of_WakeUpDefaultInterruptHandler             text40       00333A
__end_of___aodiv                                   text20       00273C
__end_of___aomod                                   text19       0028A0
__end_of___awmod                                   text21       002DF8
__end_of__initialization                           cinit        003242
__end_of_abs                                       text18       00311A
__end_of_convertCANid2Reg                          text34       0025B4
__end_of_convertReg2ExtendedCANid                  text37       0029DA
__end_of_convertReg2StandardCANid                  text36       002F06
__end_of_dtoa                                      text11       001CC2
__end_of_fputc                                     text15       002E8E
__end_of_fputs                                     text14       0030DA
__end_of_isalpha                                   text9        003156
__end_of_islower                                   text7        0031C8
__end_of_isupper                                   text8        003200
__end_of_main                                      text0        00241C
__end_of_pad                                       text12       002D48
__end_of_print_can_name                            text1        002C82
__end_of_printf                                    text2        003228
__end_of_putch                                     text16       00330C
__end_of_strlen                                    text13       003190
__end_of_strncmp                                   text10       002AD4
__end_of_toupper                                   text6        003096
__end_of_vfpfcnvrt                                 text4        00167E
__end_of_vfprintf                                  text3        002FD4
__end_of_xtoa                                      text5        001F9E
__initialization                                   cinit        003228
__mediumconst                                      mediumconst  000000
__pbssBANK0                                        bssBANK0     0000A4
__pbssCOMRAM                                       bssCOMRAM    00005F
__pcinit                                           cinit        003228
__pcstackBANK0                                     cstackBANK0  000060
__pcstackCOMRAM                                    cstackCOMRAM 000001
__pivt0x8                                          ivt0x8       000008
__pnvBANK0                                         nvBANK0      0000CE
__psmallconst                                      smallconst   001000
__ptext0                                           text0        002256
__ptext1                                           text1        002BB2
__ptext10                                          text10       0029DA
__ptext11                                          text11       0019DE
__ptext12                                          text12       002C82
__ptext13                                          text13       003156
__ptext14                                          text14       003096
__ptext15                                          text15       002DF8
__ptext16                                          text16       003302
__ptext17                                          text17       0032B6
__ptext18                                          text18       0030DA
__ptext19                                          text19       00273C
__ptext2                                           text2        003200
__ptext20                                          text20       0025B4
__ptext21                                          text21       002D48
__ptext22                                          text22       0032D0
__ptext23                                          text23       002F06
__ptext24                                          text24       00330C
__ptext25                                          text25       003316
__ptext26                                          text26       003320
__ptext27                                          text27       00324C
__ptext28                                          text28       002FD4
__ptext29                                          text29       0032EA
__ptext3                                           text3        002F6E
__ptext30                                          text30       003334
__ptext31                                          text31       002AD4
__ptext32                                          text32       00332A
__ptext33                                          text33       00167E
__ptext34                                          text34       00241C
__ptext35                                          text35       001F9E
__ptext36                                          text36       002E8E
__ptext37                                          text37       0028A0
__ptext38                                          text38       003270
__ptext39                                          text39       003294
__ptext4                                           text4        0010BE
__ptext40                                          text40       003338
__ptext41                                          text41       000000
__ptext5                                           text5        001CC2
__ptext6                                           text6        003038
__ptext7                                           text7        003190
__ptext8                                           text8        0031C8
__ptext9                                           text9        00311A
__ramtop                                           ramtop       001000
__size_of_CAN_receive                              (abs)        000000
__size_of_CAN_transmit                             (abs)        000000
__size_of_ECAN_Initialize                          (abs)        000000
__size_of_ECAN_SetWakeUpInterruptHandler           (abs)        000000
__size_of_ECAN_WAKI_ISR                            (abs)        000000
__size_of_INTERRUPT_Initialize                     (abs)        000000
__size_of_INTERRUPT_InterruptManager               (abs)        000000
__size_of_OSCILLATOR_Initialize                    (abs)        000000
__size_of_PIN_MANAGER_Initialize                   (abs)        000000
__size_of_PMD_Initialize                           (abs)        000000
__size_of_SYSTEM_Initialize                        (abs)        000000
__size_of_UART1_Initialize                         (abs)        000000
__size_of_UART1_SetErrorHandler                    (abs)        000000
__size_of_UART1_SetFramingErrorHandler             (abs)        000000
__size_of_UART1_SetOverrunErrorHandler             (abs)        000000
__size_of_UART1_Write                              (abs)        000000
__size_of_WakeUpDefaultInterruptHandler            (abs)        000000
__size_of___aodiv                                  (abs)        000000
__size_of___aomod                                  (abs)        000000
__size_of___awmod                                  (abs)        000000
__size_of_abs                                      (abs)        000000
__size_of_convertCANid2Reg                         (abs)        000000
__size_of_convertReg2ExtendedCANid                 (abs)        000000
__size_of_convertReg2StandardCANid                 (abs)        000000
__size_of_dtoa                                     (abs)        000000
__size_of_fputc                                    (abs)        000000
__size_of_fputs                                    (abs)        000000
__size_of_isalpha                                  (abs)        000000
__size_of_islower                                  (abs)        000000
__size_of_isupper                                  (abs)        000000
__size_of_main                                     (abs)        000000
__size_of_pad                                      (abs)        000000
__size_of_print_can_name                           (abs)        000000
__size_of_printf                                   (abs)        000000
__size_of_putch                                    (abs)        000000
__size_of_strlen                                   (abs)        000000
__size_of_strncmp                                  (abs)        000000
__size_of_toupper                                  (abs)        000000
__size_of_vfpfcnvrt                                (abs)        000000
__size_of_vfprintf                                 (abs)        000000
__size_of_xtoa                                     (abs)        000000
__smallconst                                       smallconst   001000
_abs                                               text18       0030DA
_convertCANid2Reg                                  text34       00241C
_convertReg2ExtendedCANid                          text37       0028A0
_convertReg2StandardCANid                          text36       002E8E
_dbuf                                              bssBANK0     0000AE
_dtoa                                              text11       0019DE
_dtoa$1680                                         cstackCOMRAM 000030
_flags                                             bssBANK0     0000AA
_fputc                                             text15       002DF8
_fputs                                             text14       003096
_isalpha                                           text9        00311A
_islower                                           text7        003190
_isupper                                           text8        0031C8
_main                                              text0        002256
_nout                                              bssBANK0     0000A4
_pad                                               text12       002C82
_prec                                              bssBANK0     0000A8
_print_can_name                                    text1        002BB2
_printf                                            text2        003200
_putch                                             text16       003302
_strlen                                            text13       003156
_strncmp                                           text10       0029DA
_toupper                                           text6        003038
_toupper$1794                                      cstackCOMRAM 00000D
_uart1RxLastError                                  bssCOMRAM    00005F
_vfpfcnvrt                                         text4        0010BE
_vfprintf                                          text3        002F6E
_width                                             bssBANK0     0000A6
_xtoa                                              text5        001CC2
_xtoa$1691                                         cstackCOMRAM 000031
_xtoa$1692                                         cstackCOMRAM 000033
abs@a                                              cstackCOMRAM 000013
convertCANid2Reg@canIdType                         cstackCOMRAM 000005
convertCANid2Reg@passedInEIDH                      cstackCOMRAM 000006
convertCANid2Reg@passedInEIDL                      cstackCOMRAM 000008
convertCANid2Reg@passedInSIDH                      cstackCOMRAM 00000A
convertCANid2Reg@passedInSIDL                      cstackCOMRAM 00000C
convertCANid2Reg@tempPassedInID                    cstackCOMRAM 000001
convertCANid2Reg@wipSIDL                           cstackCOMRAM 000012
convertReg2ExtendedCANid@CAN_standardLo_ID_hi3bits cstackCOMRAM 00000F
convertReg2ExtendedCANid@CAN_standardLo_ID_lo2bits cstackCOMRAM 00000E
convertReg2ExtendedCANid@ConvertedID               cstackCOMRAM 000010
convertReg2ExtendedCANid@returnValue               cstackCOMRAM 00000A
convertReg2ExtendedCANid@tempRXBn_EIDH             cstackCOMRAM 000009
convertReg2ExtendedCANid@tempRXBn_EIDL             cstackCOMRAM 000001
convertReg2ExtendedCANid@tempRXBn_SIDH             cstackCOMRAM 000002
convertReg2ExtendedCANid@tempRXBn_SIDL             cstackCOMRAM 000003
convertReg2StandardCANid@ConvertedID               cstackCOMRAM 00000C
convertReg2StandardCANid@returnValue               cstackCOMRAM 000008
convertReg2StandardCANid@tempRXBn_SIDH             cstackCOMRAM 000007
convertReg2StandardCANid@tempRXBn_SIDL             cstackCOMRAM 000001
dtoa@d                                             cstackCOMRAM 000020
dtoa@fp                                            cstackCOMRAM 00001E
dtoa@i                                             cstackCOMRAM 000040
dtoa@n                                             cstackCOMRAM 000038
dtoa@p                                             cstackCOMRAM 000032
dtoa@s                                             cstackCOMRAM 000036
dtoa@w                                             cstackCOMRAM 000034
end_of_initialization                              cinit        003242
fputc@c                                            cstackCOMRAM 000003
fputc@fp                                           cstackCOMRAM 000005
fputs@c                                            cstackCOMRAM 000010
fputs@fp                                           cstackCOMRAM 00000E
fputs@i                                            cstackCOMRAM 000011
fputs@s                                            cstackCOMRAM 00000C
intlevel0                                          text         000000
intlevel1                                          text         000000
intlevel2                                          text         000000
intlevel3                                          text         000000
isalpha@c                                          cstackCOMRAM 000001
islower@c                                          cstackCOMRAM 000001
isupper@c                                          cstackCOMRAM 000001
ivt0x8_base                                        ivt0x8       000008
main@count                                         cstackBANK0  000086
main@i                                             cstackBANK0  000087
main@msg                                           cstackBANK0  000088
main@tx_msg                                        cstackBANK0  000096
pad@buf                                            cstackCOMRAM 000015
pad@fp                                             cstackCOMRAM 000013
pad@i                                              cstackCOMRAM 00001A
pad@p                                              cstackCOMRAM 000017
pad@w                                              cstackCOMRAM 00001C
print_can_name@msg_id                              cstackBANK0  00007F
printf@ap                                          cstackBANK0  00007D
printf@fmt                                         cstackBANK0  000073
putch@txData                                       cstackCOMRAM 000002
stackhi                                            (abs)        000FFF
stacklo                                            (abs)        0000D4
start                                              init         007FFC
start_initialization                               cinit        003228
strlen@a                                           cstackCOMRAM 000003
strlen@s                                           cstackCOMRAM 000001
strncmp@_l                                         cstackCOMRAM 000001
strncmp@_r                                         cstackCOMRAM 000003
strncmp@l                                          cstackCOMRAM 000008
strncmp@n                                          cstackCOMRAM 000005
strncmp@r                                          cstackCOMRAM 00000A
toupper@c                                          cstackCOMRAM 000007
vfpfcnvrt@ap                                       cstackCOMRAM 000049
vfpfcnvrt@c                                        cstackBANK0  000070
vfpfcnvrt@fmt                                      cstackCOMRAM 000047
vfpfcnvrt@fp                                       cstackCOMRAM 000045
vfpfcnvrt@ll                                       cstackBANK0  000060
vfpfcnvrt@llu                                      cstackBANK0  000068
vfprintf@ap                                        cstackCOMRAM 00005D
vfprintf@cfmt                                      cstackBANK0  000071
vfprintf@fmt                                       cstackCOMRAM 00005B
vfprintf@fp                                        cstackCOMRAM 000059
xtoa@c                                             cstackCOMRAM 000043
xtoa@d                                             cstackCOMRAM 000020
xtoa@fp                                            cstackCOMRAM 00001E
xtoa@i                                             cstackCOMRAM 000041
xtoa@n                                             cstackCOMRAM 000039
xtoa@p                                             cstackCOMRAM 000035
xtoa@w                                             cstackCOMRAM 000037
xtoa@x                                             cstackCOMRAM 000028


FUNCTION INFORMATION:

 *************** function _main *****************
 Defined at:
		line 24 in file "main.c"
 Parameters:    Size  Location     Type
		None
 Auto vars:     Size  Location     Type
  i               1   39[BANK0 ] unsigned char 
  tx_msg         14   54[BANK0 ] struct .
  msg            14   40[BANK0 ] struct .
  count           1   38[BANK0 ] unsigned char 
 Return value:  Size  Location     Type
                  1    wreg      void 
 Registers used:
		wreg, fsr1l, fsr1h, fsr2l, fsr2h, status,2, status,0, tblptrl, tblptrh, tblptru, cstack
 Tracked objects:
		On entry : 
		On exit  : 
		Unchanged: 
 Data sizes:     COMRAM   BANK0   BANK1   BANK2   BANK3   BANK4   BANK5   BANK6   BANK7   BANK8   BANK9  BANK10  BANK11  BANK12  BANK13  BANK14  BANK15
      Params:         0       0       0       0       0       0       0       0       0       0       0       0       0       0       0       0       0
      Locals:         0      30       0       0       0       0       0       0       0       0       0       0       0       0       0       0       0
      Temps:          0       3       0       0       0       0       0       0       0       0       0       0       0       0       0       0       0
      Totals:         0      33       0       0       0       0       0       0       0       0       0       0       0       0       0       0       0
Total ram usage:       33 bytes
 Hardware stack levels required when called:   13
 This function calls:
		_CAN_receive
		_CAN_transmit
		_SYSTEM_Initialize
		___awmod
		_print_can_name
		_printf
 This function is called by:
		Startup code after reset
 This function uses a non-reentrant model


 *************** function _print_can_name *****************
 Defined at:
		line 82 in file "main.c"
 Parameters:    Size  Location     Type
  msg_id          2   31[BANK0 ] enum E22962
 Auto vars:     Size  Location     Type
		None
 Return value:  Size  Location     Type
                  1    wreg      void 
 Registers used:
		wreg, fsr1l, fsr1h, fsr2l, fsr2h, status,2, status,0, tblptrl, tblptrh, tblptru, cstack
 Tracked objects:
		On entry : 
		On exit  : 
		Unchanged: 
 Data sizes:     COMRAM   BANK0   BANK1   BANK2   BANK3   BANK4   BANK5   BANK6   BANK7   BANK8   BANK9  BANK10  BANK11  BANK12  BANK13  BANK14  BANK15
      Params:         0       2       0       0       0       0       0       0       0       0       0       0       0       0       0       0       0
      Locals:         0       0       0       0       0       0       0       0       0       0       0       0       0       0       0       0       0
      Temps:          0       2       0       0       0       0       0       0       0       0       0       0       0       0       0       0       0
      Totals:         0       4       0       0       0       0       0       0       0       0       0       0       0       0       0       0       0
Total ram usage:        4 bytes
 Hardware stack levels used:    1
 Hardware stack levels required when called:   12
 This function calls:
		_printf
 This function is called by:
		_main
 This function uses a non-reentrant model


 *************** function _printf *****************
 Defined at:
		line 5 in file "/Applications/microchip/xc8/v2.31/pic/sources/c99/common/printf.c"
 Parameters:    Size  Location     Type
  fmt             2   19[BANK0 ] PTR const unsigned char 
		 -> STR_13(17), STR_12(13), STR_11(11), STR_10(23), 
		 -> STR_9(16), STR_8(14), STR_7(25), STR_6(22), 
		 -> STR_5(2), STR_4(12), STR_3(11), STR_2(2), 
		 -> STR_1(23), 
 Auto vars:     Size  Location     Type
  ap              2   29[BANK0 ] PTR void [1]
		 -> ?_printf(2), 
  ret             2    0        int 
 Return value:  Size  Location     Type
                  2   19[BANK0 ] int 
 Registers used:
		wreg, fsr1l, fsr1h, fsr2l, fsr2h, status,2, status,0, tblptrl, tblptrh, tblptru, cstack
 Tracked objects:
		On entry : 
		On exit  : 
		Unchanged: 
 Data sizes:     COMRAM   BANK0   BANK1   BANK2   BANK3   BANK4   BANK5   BANK6   BANK7   BANK8   BANK9  BANK10  BANK11  BANK12  BANK13  BANK14  BANK15
      Params:         0       8       0       0       0       0       0       0       0       0       0       0       0       0       0       0       0
      Locals:         0       4       0       0       0       0       0       0       0       0       0       0       0       0       0       0       0
      Temps:          0       0       0       0       0       0       0       0       0       0       0       0       0       0       0       0       0
      Totals:         0      12       0       0       0       0       0       0       0       0       0       0       0       0       0       0       0
Total ram usage:       12 bytes
 Hardware stack levels used:    1
 Hardware stack levels required when called:   11
 This function calls:
		_vfprintf
 This function is called by:
		_main
		_print_can_name
 This function uses a non-reentrant model


 *************** function _vfprintf *****************
 Defined at:
		line 1390 in file "/Applications/microchip/xc8/v2.31/pic/sources/c99/common/doprnt.c"
 Parameters:    Size  Location     Type
  fp              2   88[COMRAM] PTR struct _IO_FILE
		 -> NULL(0), 
  fmt             2   90[COMRAM] PTR const unsigned char 
		 -> STR_13(17), STR_12(13), STR_11(11), STR_10(23), 
		 -> STR_9(16), STR_8(14), STR_7(25), STR_6(22), 
		 -> STR_5(2), STR_4(12), STR_3(11), STR_2(2), 
		 -> STR_1(23), 
  ap              2   92[COMRAM] PTR PTR void 
		 -> printf@ap(2), 
 Auto vars:     Size  Location     Type
  cfmt            2   17[BANK0 ] PTR unsigned char 
		 -> STR_13(17), STR_12(13), STR_11(11), STR_10(23), 
		 -> STR_9(16), STR_8(14), STR_7(25), STR_6(22), 
		 -> STR_5(2), STR_4(12), STR_3(11), STR_2(2), 
		 -> STR_1(23), 
 Return value:  Size  Location     Type
                  2   88[COMRAM] int 
 Registers used:
		wreg, fsr1l, fsr1h, fsr2l, fsr2h, status,2, status,0, tblptrl, tblptrh, tblptru, cstack
 Tracked objects:
		On entry : 
		On exit  : 
		Unchanged: 
 Data sizes:     COMRAM   BANK0   BANK1   BANK2   BANK3   BANK4   BANK5   BANK6   BANK7   BANK8   BANK9  BANK10  BANK11  BANK12  BANK13  BANK14  BANK15
      Params:         6       0       0       0       0       0       0       0       0       0       0       0       0       0       0       0       0
      Locals:         0       2       0       0       0       0       0       0       0       0       0       0       0       0       0       0       0
      Temps:          0       0       0       0       0       0       0       0       0       0       0       0       0       0       0       0       0
      Totals:         6       2       0       0       0       0       0       0       0       0       0       0       0       0       0       0       0
Total ram usage:        8 bytes
 Hardware stack levels used:    1
 Hardware stack levels required when called:   10
 This function calls:
		_vfpfcnvrt
 This function is called by:
		_printf
 This function uses a non-reentrant model


 *************** function _vfpfcnvrt *****************
 Defined at:
		line 692 in file "/Applications/microchip/xc8/v2.31/pic/sources/c99/common/doprnt.c"
 Parameters:    Size  Location     Type
  fp              2   68[COMRAM] PTR struct _IO_FILE
		 -> NULL(0), 
  fmt             2   70[COMRAM] PTR PTR unsigned char 
		 -> vfprintf@cfmt(2), 
  ap              2   72[COMRAM] PTR PTR void 
		 -> printf@ap(2), 
 Auto vars:     Size  Location     Type
  llu             8    8[BANK0 ] unsigned long long 
  ll              8    0[BANK0 ] long long 
  f               4    0        long long 
  vp              3    0        PTR void 
  ct              3    0        unsigned char [3]
  cp              3    0        PTR unsigned char 
  i               2    0        int 
  done            2    0        int 
  c               1   16[BANK0 ] unsigned char 
 Return value:  Size  Location     Type
                  2   68[COMRAM] int 
 Registers used:
		wreg, fsr1l, fsr1h, fsr2l, fsr2h, status,2, status,0, tblptrl, tblptrh, tblptru, cstack
 Tracked objects:
		On entry : 
		On exit  : 
		Unchanged: 
 Data sizes:     COMRAM   BANK0   BANK1   BANK2   BANK3   BANK4   BANK5   BANK6   BANK7   BANK8   BANK9  BANK10  BANK11  BANK12  BANK13  BANK14  BANK15
      Params:         6       0       0       0       0       0       0       0       0       0       0       0       0       0       0       0       0
      Locals:         0      17       0       0       0       0       0       0       0       0       0       0       0       0       0       0       0
      Temps:         14       0       0       0       0       0       0       0       0       0       0       0       0       0       0       0       0
      Totals:        20      17       0       0       0       0       0       0       0       0       0       0       0       0       0       0       0
Total ram usage:       37 bytes
 Hardware stack levels used:    1
 Hardware stack levels required when called:    9
 This function calls:
		_dtoa
		_fputc
		_strncmp
		_xtoa
 This function is called by:
		_vfprintf
 This function uses a non-reentrant model


 *************** function _xtoa *****************
 Defined at:
		line 645 in file "/Applications/microchip/xc8/v2.31/pic/sources/c99/common/doprnt.c"
 Parameters:    Size  Location     Type
  fp              2   29[COMRAM] PTR struct _IO_FILE
		 -> NULL(0), 
  d               8   31[COMRAM] unsigned long long 
  x               1   39[COMRAM] unsigned char 
 Auto vars:     Size  Location     Type
  n               8   56[COMRAM] unsigned long long 
  c               2   66[COMRAM] int 
  i               2   64[COMRAM] int 
  w               2   54[COMRAM] int 
  p               2   52[COMRAM] int 
 Return value:  Size  Location     Type
                  2   29[COMRAM] int 
 Registers used:
		wreg, fsr1l, fsr1h, fsr2l, fsr2h, status,2, status,0, cstack
 Tracked objects:
		On entry : 
		On exit  : 
		Unchanged: 
 Data sizes:     COMRAM   BANK0   BANK1   BANK2   BANK3   BANK4   BANK5   BANK6   BANK7   BANK8   BANK9  BANK10  BANK11  BANK12  BANK13  BANK14  BANK15
      Params:        11       0       0       0       0       0       0       0       0       0       0       0       0       0       0       0       0
      Locals:        20       0       0       0       0       0       0       0       0       0       0       0       0       0       0       0       0
      Temps:          8       0       0       0       0       0       0       0       0       0       0       0       0       0       0       0       0
      Totals:        39       0       0       0       0       0       0       0       0       0       0       0       0       0       0       0       0
Total ram usage:       39 bytes
 Hardware stack levels used:    1
 Hardware stack levels required when called:    8
 This function calls:
		_isalpha
		_isupper
		_pad
		_toupper
 This function is called by:
		_vfpfcnvrt
 This function uses a non-reentrant model


 *************** function _toupper *****************
 Defined at:
		line 4 in file "/Applications/microchip/xc8/v2.31/pic/sources/c99/common/toupper.c"
 Parameters:    Size  Location     Type
  c               2    6[COMRAM] int 
 Auto vars:     Size  Location     Type
		None
 Return value:  Size  Location     Type
                  2    6[COMRAM] int 
 Registers used:
		wreg, status,2, status,0
 Tracked objects:
		On entry : 
		On exit  : 
		Unchanged: 
 Data sizes:     COMRAM   BANK0   BANK1   BANK2   BANK3   BANK4   BANK5   BANK6   BANK7   BANK8   BANK9  BANK10  BANK11  BANK12  BANK13  BANK14  BANK15
      Params:         2       0       0       0       0       0       0       0       0       0       0       0       0       0       0       0       0
      Locals:         2       0       0       0       0       0       0       0       0       0       0       0       0       0       0       0       0
      Temps:          4       0       0       0       0       0       0       0       0       0       0       0       0       0       0       0       0
      Totals:         8       0       0       0       0       0       0       0       0       0       0       0       0       0       0       0       0
Total ram usage:        8 bytes
 Hardware stack levels used:    1
 Hardware stack levels required when called:    4
 This function calls:
		_islower
 This function is called by:
		_xtoa
 This function uses a non-reentrant model


 *************** function _islower *****************
 Defined at:
		line 5 in file "/Applications/microchip/xc8/v2.31/pic/sources/c99/common/islower.c"
 Parameters:    Size  Location     Type
  c               2    0[COMRAM] int 
 Auto vars:     Size  Location     Type
		None
 Return value:  Size  Location     Type
                  2    0[COMRAM] int 
 Registers used:
		wreg, status,2, status,0
 Tracked objects:
		On entry : 
		On exit  : 
		Unchanged: 
 Data sizes:     COMRAM   BANK0   BANK1   BANK2   BANK3   BANK4   BANK5   BANK6   BANK7   BANK8   BANK9  BANK10  BANK11  BANK12  BANK13  BANK14  BANK15
      Params:         2       0       0       0       0       0       0       0       0       0       0       0       0       0       0       0       0
[...]
      Locals:         0       0       0       0       0       0       0       0       0       0       0       0       0       0       0       0       0
      Temps:          1       0       0       0       0       0       0       0       0       0       0       0       0       0       0       0       0
      Totals:         1       0       0       0       0       0       0       0       0       0       0       0       0       0       0       0       0
Total ram usage:        1 bytes
 Hardware stack levels used:    1
 Hardware stack levels required when called:    4
 This function calls:
		_ECAN_SetWakeUpInterruptHandler
 This function is called by:
		_SYSTEM_Initialize
 This function uses a non-reentrant model


 *************** function _ECAN_SetWakeUpInterruptHandler *****************
 Defined at:
		line 439 in file "mcc_generated_files/ecan.c"
 Parameters:    Size  Location     Type
  handler         2    0[COMRAM] PTR FTN()void 
		 -> WakeUpDefaultInterruptHandler(1), 
 Auto vars:     Size  Location     Type
		None
 Return value:  Size  Location     Type
                  1    wreg      void 
 Registers used:
		wreg, status,2, status,0
 Tracked objects:
		On entry : 
		On exit  : 
		Unchanged: 
 Data sizes:     COMRAM   BANK0   BANK1   BANK2   BANK3   BANK4   BANK5   BANK6   BANK7   BANK8   BANK9  BANK10  BANK11  BANK12  BANK13  BANK14  BANK15
      Params:         2       0       0       0       0       0       0       0       0       0       0       0       0       0       0       0       0
      Locals:         0       0       0       0       0       0       0       0       0       0       0       0       0       0       0       0       0
      Temps:          0       0       0       0       0       0       0       0       0       0       0       0       0       0       0       0       0
      Totals:         2       0       0       0       0       0       0       0       0       0       0       0       0       0       0       0       0
Total ram usage:        2 bytes
 Hardware stack levels used:    1
 Hardware stack levels required when called:    3
 This function calls:
		Nothing
 This function is called by:
		_ECAN_Initialize
 This function uses a non-reentrant model


 *************** function _CAN_transmit *****************
 Defined at:
		line 165 in file "mcc_generated_files/ecan.c"
 Parameters:    Size  Location     Type
  tempCanMsg      2   18[COMRAM] PTR struct .
		 -> main@tx_msg(14), 
 Auto vars:     Size  Location     Type
  tempSIDL        1   24[COMRAM] unsigned char 
  tempSIDH        1   23[COMRAM] unsigned char 
  tempEIDL        1   22[COMRAM] unsigned char 
  tempEIDH        1   21[COMRAM] unsigned char 
  returnValue     1   20[COMRAM] unsigned char 
 Return value:  Size  Location     Type
                  1    wreg      unsigned char 
 Registers used:
		wreg, fsr2l, fsr2h, status,2, status,0, cstack
 Tracked objects:
		On entry : 
		On exit  : 
		Unchanged: 
 Data sizes:     COMRAM   BANK0   BANK1   BANK2   BANK3   BANK4   BANK5   BANK6   BANK7   BANK8   BANK9  BANK10  BANK11  BANK12  BANK13  BANK14  BANK15
      Params:         2       0       0       0       0       0       0       0       0       0       0       0       0       0       0       0       0
      Locals:         5       0       0       0       0       0       0       0       0       0       0       0       0       0       0       0       0
      Temps:          0       0       0       0       0       0       0       0       0       0       0       0       0       0       0       0       0
      Totals:         7       0       0       0       0       0       0       0       0       0       0       0       0       0       0       0       0
Total ram usage:        7 bytes
 Hardware stack levels used:    1
 Hardware stack levels required when called:    4
 This function calls:
		_convertCANid2Reg
 This function is called by:
		_main
 This function uses a non-reentrant model


 *************** function _convertCANid2Reg *****************
 Defined at:
		line 402 in file "mcc_generated_files/ecan.c"
 Parameters:    Size  Location     Type
  tempPassedIn    4    0[COMRAM] unsigned long 
  canIdType       1    4[COMRAM] unsigned char 
  passedInEIDH    2    5[COMRAM] PTR unsigned char 
		 -> CAN_transmit@tempEIDH(1), 
  passedInEIDL    2    7[COMRAM] PTR unsigned char 
		 -> CAN_transmit@tempEIDL(1), 
  passedInSIDH    2    9[COMRAM] PTR unsigned char 
		 -> CAN_transmit@tempSIDH(1), 
  passedInSIDL    2   11[COMRAM] PTR unsigned char 
		 -> CAN_transmit@tempSIDL(1), 
 Auto vars:     Size  Location     Type
  wipSIDL         1   17[COMRAM] unsigned char 
 Return value:  Size  Location     Type
                  1    wreg      void 
 Registers used:
		wreg, fsr2l, fsr2h, status,2, status,0
 Tracked objects:
		On entry : 
		On exit  : 
		Unchanged: 
 Data sizes:     COMRAM   BANK0   BANK1   BANK2   BANK3   BANK4   BANK5   BANK6   BANK7   BANK8   BANK9  BANK10  BANK11  BANK12  BANK13  BANK14  BANK15
      Params:        13       0       0       0       0       0       0       0       0       0       0       0       0       0       0       0       0
      Locals:         1       0       0       0       0       0       0       0       0       0       0       0       0       0       0       0       0
      Temps:          4       0       0       0       0       0       0       0       0       0       0       0       0       0       0       0       0
      Totals:        18       0       0       0       0       0       0       0       0       0       0       0       0       0       0       0       0
Total ram usage:       18 bytes
 Hardware stack levels used:    1
 Hardware stack levels required when called:    3
 This function calls:
		Nothing
 This function is called by:
		_CAN_transmit
 This function uses a non-reentrant model


 *************** function _CAN_receive *****************
 Defined at:
		line 243 in file "mcc_generated_files/ecan.c"
 Parameters:    Size  Location     Type
  tempCanMsg      2   19[COMRAM] PTR struct .
		 -> main@msg(14), 
 Auto vars:     Size  Location     Type
  returnValue     1   21[COMRAM] unsigned char 
 Return value:  Size  Location     Type
                  1    wreg      unsigned char 
 Registers used:
		wreg, fsr2l, fsr2h, status,2, status,0, cstack
 Tracked objects:
		On entry : 
		On exit  : 
		Unchanged: 
 Data sizes:     COMRAM   BANK0   BANK1   BANK2   BANK3   BANK4   BANK5   BANK6   BANK7   BANK8   BANK9  BANK10  BANK11  BANK12  BANK13  BANK14  BANK15
      Params:         2       0       0       0       0       0       0       0       0       0       0       0       0       0       0       0       0
      Locals:         1       0       0       0       0       0       0       0       0       0       0       0       0       0       0       0       0
      Temps:          0       0       0       0       0       0       0       0       0       0       0       0       0       0       0       0       0
      Totals:         3       0       0       0       0       0       0       0       0       0       0       0       0       0       0       0       0
Total ram usage:        3 bytes
 Hardware stack levels used:    1
 Hardware stack levels required when called:    4
 This function calls:
		_convertReg2ExtendedCANid
		_convertReg2StandardCANid
 This function is called by:
		_main
 This function uses a non-reentrant model


 *************** function _convertReg2StandardCANid *****************
 Defined at:
		line 389 in file "mcc_generated_files/ecan.c"
 Parameters:    Size  Location     Type
  tempRXBn_SID    1    wreg     unsigned char 
  tempRXBn_SID    1    0[COMRAM] unsigned char 
 Auto vars:     Size  Location     Type
  tempRXBn_SID    1    6[COMRAM] unsigned char 
  ConvertedID     4   11[COMRAM] unsigned long 
  returnValue     4    7[COMRAM] unsigned long 
 Return value:  Size  Location     Type
                  4    0[COMRAM] unsigned long 
 Registers used:
		wreg, status,2, status,0
 Tracked objects:
		On entry : 
		On exit  : 
		Unchanged: 
 Data sizes:     COMRAM   BANK0   BANK1   BANK2   BANK3   BANK4   BANK5   BANK6   BANK7   BANK8   BANK9  BANK10  BANK11  BANK12  BANK13  BANK14  BANK15
      Params:         4       0       0       0       0       0       0       0       0       0       0       0       0       0       0       0       0
      Locals:         9       0       0       0       0       0       0       0       0       0       0       0       0       0       0       0       0
      Temps:          2       0       0       0       0       0       0       0       0       0       0       0       0       0       0       0       0
      Totals:        15       0       0       0       0       0       0       0       0       0       0       0       0       0       0       0       0
Total ram usage:       15 bytes
 Hardware stack levels used:    1
 Hardware stack levels required when called:    3
 This function calls:
		Nothing
 This function is called by:
		_CAN_receive
 This function uses a non-reentrant model


 *************** function _convertReg2ExtendedCANid *****************
 Defined at:
		line 368 in file "mcc_generated_files/ecan.c"
 Parameters:    Size  Location     Type
  tempRXBn_EID    1    wreg     unsigned char 
  tempRXBn_EID    1    0[COMRAM] unsigned char 
  tempRXBn_SID    1    1[COMRAM] unsigned char 
  tempRXBn_SID    1    2[COMRAM] unsigned char 
 Auto vars:     Size  Location     Type
  tempRXBn_EID    1    8[COMRAM] unsigned char 
  ConvertedID     4   15[COMRAM] unsigned long 
  returnValue     4    9[COMRAM] unsigned long 
  CAN_standard    1   14[COMRAM] unsigned char 
  CAN_standard    1   13[COMRAM] unsigned char 
 Return value:  Size  Location     Type
                  4    0[COMRAM] unsigned long 
 Registers used:
		wreg, status,2, status,0
 Tracked objects:
		On entry : 
		On exit  : 
		Unchanged: 
 Data sizes:     COMRAM   BANK0   BANK1   BANK2   BANK3   BANK4   BANK5   BANK6   BANK7   BANK8   BANK9  BANK10  BANK11  BANK12  BANK13  BANK14  BANK15
      Params:         4       0       0       0       0       0       0       0       0       0       0       0       0       0       0       0       0
      Locals:        11       0       0       0       0       0       0       0       0       0       0       0       0       0       0       0       0
      Temps:          4       0       0       0       0       0       0       0       0       0       0       0       0       0       0       0       0
      Totals:        19       0       0       0       0       0       0       0       0       0       0       0       0       0       0       0       0
Total ram usage:       19 bytes
 Hardware stack levels used:    1
 Hardware stack levels required when called:    3
 This function calls:
		Nothing
 This function is called by:
		_CAN_receive
 This function uses a non-reentrant model


 *************** function _INTERRUPT_InterruptManager *****************
 Defined at:
		line 58 in file "mcc_generated_files/interrupt_manager.c"
 Parameters:    Size  Location     Type
		None
 Auto vars:     Size  Location     Type
		None
 Return value:  Size  Location     Type
                  1    wreg      void 
 Registers used:
		wreg, pclath, tosl, cstack
 Tracked objects:
		On entry : 
		On exit  : 
		Unchanged: 
 Data sizes:     COMRAM   BANK0   BANK1   BANK2   BANK3   BANK4   BANK5   BANK6   BANK7   BANK8   BANK9  BANK10  BANK11  BANK12  BANK13  BANK14  BANK15
      Params:         0       0       0       0       0       0       0       0       0       0       0       0       0       0       0       0       0
      Locals:         0       0       0       0       0       0       0       0       0       0       0       0       0       0       0       0       0
      Temps:          0       0       0       0       0       0       0       0       0       0       0       0       0       0       0       0       0
      Totals:         0       0       0       0       0       0       0       0       0       0       0       0       0       0       0       0       0
Total ram usage:        0 bytes
 Hardware stack levels used:    1
 Hardware stack levels required when called:    2
 This function calls:
		_ECAN_WAKI_ISR
 This function is called by:
		Interrupt level 2
 This function uses a non-reentrant model


 *************** function _ECAN_WAKI_ISR *****************
 Defined at:
		line 444 in file "mcc_generated_files/ecan.c"
 Parameters:    Size  Location     Type
		None
 Auto vars:     Size  Location     Type
		None
 Return value:  Size  Location     Type
                  1    wreg      void 
 Registers used:
		wreg, pclath, tosl, cstack
 Tracked objects:
		On entry : 
		On exit  : 
		Unchanged: 
 Data sizes:     COMRAM   BANK0   BANK1   BANK2   BANK3   BANK4   BANK5   BANK6   BANK7   BANK8   BANK9  BANK10  BANK11  BANK12  BANK13  BANK14  BANK15
      Params:         0       0       0       0       0       0       0       0       0       0       0       0       0       0       0       0       0
      Locals:         0       0       0       0       0       0       0       0       0       0       0       0       0       0       0       0       0
      Temps:          0       0       0       0       0       0       0       0       0       0       0       0       0       0       0       0       0
      Totals:         0       0       0       0       0       0       0       0       0       0       0       0       0       0       0       0       0
Total ram usage:        0 bytes
 Hardware stack levels used:    1
 Hardware stack levels required when called:    1
 This function calls:
		Absolute function
		_WakeUpDefaultInterruptHandler
 This function is called by:
		_INTERRUPT_InterruptManager
 This function uses a non-reentrant model


 *************** function _WakeUpDefaultInterruptHandler *****************
 Defined at:
		line 63 in file "mcc_generated_files/ecan.c"
 Parameters:    Size  Location     Type
		None
 Auto vars:     Size  Location     Type
		None
 Return value:  Size  Location     Type
                  1    wreg      void 
 Registers used:
		None
 Tracked objects:
		On entry : 
		On exit  : 
		Unchanged: 
 Data sizes:     COMRAM   BANK0   BANK1   BANK2   BANK3   BANK4   BANK5   BANK6   BANK7   BANK8   BANK9  BANK10  BANK11  BANK12  BANK13  BANK14  BANK15
      Params:         0       0       0       0       0       0       0       0       0       0       0       0       0       0       0       0       0
      Locals:         0       0       0       0       0       0       0       0       0       0       0       0       0       0       0       0       0
      Temps:          0       0       0       0       0       0       0       0       0       0       0       0       0       0       0       0       0
      Totals:         0       0       0       0       0       0       0       0       0       0       0       0       0       0       0       0       0
Total ram usage:        0 bytes
 Hardware stack levels used:    1
 This function calls:
		Nothing
 This function is called by:
		_ECAN_Initialize
		_ECAN_WAKI_ISR
 This function uses a non-reentrant model



MODULE INFORMATION

Module		Function		Class		Link	Load	Size
/Applications/microchip/xc8/v2.31/pic/sources/c99/common/awmod.c
		___awmod       		CODE           	2D48	0000	176

/Applications/microchip/xc8/v2.31/pic/sources/c99/common/awmod.c estimated size: 176

/Applications/microchip/xc8/v2.31/pic/sources/c99/common/printf.c
		_printf        		CODE           	3200	0000	40

/Applications/microchip/xc8/v2.31/pic/sources/c99/common/printf.c estimated size: 40

/Applications/microchip/xc8/v2.31/pic/sources/c99/common/isupper.c
		_isupper       		CODE           	31C8	0000	56

/Applications/microchip/xc8/v2.31/pic/sources/c99/common/isupper.c estimated size: 56

mcc_generated_files/interrupt_manager.c
		_INTERRUPT_Initialize		CODE           	3334	0000	4
		_INTERRUPT_InterruptManager		CODE           	3270	0000	36

mcc_generated_files/interrupt_manager.c estimated size: 40

/Applications/microchip/xc8/v2.31/pic/sources/c99/common/aodiv.c
		___aodiv       		CODE           	25B4	0000	392

/Applications/microchip/xc8/v2.31/pic/sources/c99/common/aodiv.c estimated size: 392

mcc_generated_files/pin_manager.c
		_PIN_MANAGER_Initialize		CODE           	2FD4	0000	100

mcc_generated_files/pin_manager.c estimated size: 100

/Applications/microchip/xc8/v2.31/pic/sources/c99/common/islower.c
		_islower       		CODE           	3190	0000	56

/Applications/microchip/xc8/v2.31/pic/sources/c99/common/islower.c estimated size: 56

/Applications/microchip/xc8/v2.31/pic/sources/c99/common/nf_fputs.c
		_fputs         		CODE           	3096	0000	68

/Applications/microchip/xc8/v2.31/pic/sources/c99/common/nf_fputs.c estimated size: 68

/Applications/microchip/xc8/v2.31/pic/sources/c99/common/toupper.c
		_toupper       		CODE           	3038	0000	94

/Applications/microchip/xc8/v2.31/pic/sources/c99/common/toupper.c estimated size: 94

/Applications/microchip/xc8/v2.31/pic/sources/c99/common/strlen.c
		_strlen        		CODE           	3156	0000	58

/Applications/microchip/xc8/v2.31/pic/sources/c99/common/strlen.c estimated size: 58

/Applications/microchip/xc8/v2.31/pic/sources/c99/common/isalpha.c
		_isalpha       		CODE           	311A	0000	60

/Applications/microchip/xc8/v2.31/pic/sources/c99/common/isalpha.c estimated size: 60

mcc_generated_files/ecan.c
		_ECAN_SetWakeUpInterruptHandler		CODE           	332A	0000	10
		_CAN_receive   		CODE           	1F9E	0000	696
		_ECAN_Initialize		CODE           	2AD4	0000	222
		_convertReg2ExtendedCANid		CODE           	28A0	0000	314
		_CAN_transmit  		CODE           	167E	0000	864
		_convertReg2StandardCANid		CODE           	2E8E	0000	120
		_WakeUpDefaultInterruptHandler		CODE           	3338	0000	2
		_convertCANid2Reg		CODE           	241C	0000	408
		_ECAN_WAKI_ISR 		CODE           	3294	0000	34

mcc_generated_files/ecan.c estimated size: 2670

mcc_generated_files/uart1.c
		_UART1_Write   		CODE           	32B6	0000	26
		_putch         		CODE           	3302	0000	10
		_UART1_SetFramingErrorHandler		CODE           	3316	0000	10
		_UART1_SetOverrunErrorHandler		CODE           	330C	0000	10
		_UART1_Initialize		CODE           	2F06	0000	104
		_UART1_SetErrorHandler		CODE           	3320	0000	10

mcc_generated_files/uart1.c estimated size: 170

/Applications/microchip/xc8/v2.31/pic/sources/c99/common/strncmp.c
		_strncmp       		CODE           	29DA	0000	250

/Applications/microchip/xc8/v2.31/pic/sources/c99/common/strncmp.c estimated size: 250

shared
		__initialization		CODE           	3228	0000	26

shared estimated size: 26

mcc_generated_files/mcc.c
		_PMD_Initialize		CODE           	324C	0000	36
		_OSCILLATOR_Initialize		CODE           	32EA	0000	24
		_SYSTEM_Initialize		CODE           	32D0	0000	26

mcc_generated_files/mcc.c estimated size: 86

/Applications/microchip/xc8/v2.31/pic/sources/c99/common/doprnt.c
		_vfpfcnvrt     		CODE           	10BE	0000	1472
		_pad           		CODE           	2C82	0000	198
		_dtoa          		CODE           	19DE	0000	740
		_vfprintf      		CODE           	2F6E	0000	102
		_xtoa          		CODE           	1CC2	0000	732

/Applications/microchip/xc8/v2.31/pic/sources/c99/common/doprnt.c estimated size: 3244

/Applications/microchip/xc8/v2.31/pic/sources/c99/common/aomod.c
		___aomod       		CODE           	273C	0000	356

/Applications/microchip/xc8/v2.31/pic/sources/c99/common/aomod.c estimated size: 356

/Applications/microchip/xc8/v2.31/pic/sources/c99/common/nf_fputc.c
		_fputc         		CODE           	2DF8	0000	150

/Applications/microchip/xc8/v2.31/pic/sources/c99/common/nf_fputc.c estimated size: 150

main.c
		_main          		CODE           	2256	0000	454
		_print_can_name		CODE           	2BB2	0000	208

main.c estimated size: 662

/Applications/microchip/xc8/v2.31/pic/sources/c99/common/abs.c
		_abs           		CODE           	30DA	0000	64

/Applications/microchip/xc8/v2.31/pic/sources/c99/common/abs.c estimated size: 64

